Archive member included to satisfy reference by file (symbol)

C:/ST/STM32CubeIDE_1.19.0/STM32CubeIDE/plugins/com.st.stm32cube.ide.mcu.externaltools.gnu-tools-for-stm32.13.3.rel1.win32_1.0.0.202411081344/tools/bin/../lib/gcc/arm-none-eabi/13.3.1/../../../../arm-none-eabi/lib/thumb/v7e-m+fp/hard\libc_nano.a(libc_a-assert.o)
                              ./Core/Src/littlefs/lfs.o (__assert_func)
C:/ST/STM32CubeIDE_1.19.0/STM32CubeIDE/plugins/com.st.stm32cube.ide.mcu.externaltools.gnu-tools-for-stm32.13.3.rel1.win32_1.0.0.202411081344/tools/bin/../lib/gcc/arm-none-eabi/13.3.1/../../../../arm-none-eabi/lib/thumb/v7e-m+fp/hard\libc_nano.a(libc_a-exit.o)
                              C:/ST/STM32CubeIDE_1.19.0/STM32CubeIDE/plugins/com.st.stm32cube.ide.mcu.externaltools.gnu-tools-for-stm32.13.3.rel1.win32_1.0.0.202411081344/tools/bin/../lib/gcc/arm-none-eabi/13.3.1/../../../../arm-none-eabi/lib/thumb/v7e-m+fp/hard/crt0.o (exit)
C:/ST/STM32CubeIDE_1.19.0/STM32CubeIDE/plugins/com.st.stm32cube.ide.mcu.externaltools.gnu-tools-for-stm32.13.3.rel1.win32_1.0.0.202411081344/tools/bin/../lib/gcc/arm-none-eabi/13.3.1/../../../../arm-none-eabi/lib/thumb/v7e-m+fp/hard\libc_nano.a(libc_a-malloc.o)
                              ./Core/Src/littlefs/lfs.o (malloc)
C:/ST/STM32CubeIDE_1.19.0/STM32CubeIDE/plugins/com.st.stm32cube.ide.mcu.externaltools.gnu-tools-for-stm32.13.3.rel1.win32_1.0.0.202411081344/tools/bin/../lib/gcc/arm-none-eabi/13.3.1/../../../../arm-none-eabi/lib/thumb/v7e-m+fp/hard\libc_nano.a(libc_a-mallocr.o)
                              C:/ST/STM32CubeIDE_1.19.0/STM32CubeIDE/plugins/com.st.stm32cube.ide.mcu.externaltools.gnu-tools-for-stm32.13.3.rel1.win32_1.0.0.202411081344/tools/bin/../lib/gcc/arm-none-eabi/13.3.1/../../../../arm-none-eabi/lib/thumb/v7e-m+fp/hard\libc_nano.a(libc_a-malloc.o) (_malloc_r)
C:/ST/STM32CubeIDE_1.19.0/STM32CubeIDE/plugins/com.st.stm32cube.ide.mcu.externaltools.gnu-tools-for-stm32.13.3.rel1.win32_1.0.0.202411081344/tools/bin/../lib/gcc/arm-none-eabi/13.3.1/../../../../arm-none-eabi/lib/thumb/v7e-m+fp/hard\libc_nano.a(libc_a-mlock.o)
                              C:/ST/STM32CubeIDE_1.19.0/STM32CubeIDE/plugins/com.st.stm32cube.ide.mcu.externaltools.gnu-tools-for-stm32.13.3.rel1.win32_1.0.0.202411081344/tools/bin/../lib/gcc/arm-none-eabi/13.3.1/../../../../arm-none-eabi/lib/thumb/v7e-m+fp/hard\libc_nano.a(libc_a-mallocr.o) (__malloc_lock)
C:/ST/STM32CubeIDE_1.19.0/STM32CubeIDE/plugins/com.st.stm32cube.ide.mcu.externaltools.gnu-tools-for-stm32.13.3.rel1.win32_1.0.0.202411081344/tools/bin/../lib/gcc/arm-none-eabi/13.3.1/../../../../arm-none-eabi/lib/thumb/v7e-m+fp/hard\libc_nano.a(libc_a-findfp.o)
                              C:/ST/STM32CubeIDE_1.19.0/STM32CubeIDE/plugins/com.st.stm32cube.ide.mcu.externaltools.gnu-tools-for-stm32.13.3.rel1.win32_1.0.0.202411081344/tools/bin/../lib/gcc/arm-none-eabi/13.3.1/../../../../arm-none-eabi/lib/thumb/v7e-m+fp/hard\libc_nano.a(libc_a-exit.o) (__stdio_exit_handler)
C:/ST/STM32CubeIDE_1.19.0/STM32CubeIDE/plugins/com.st.stm32cube.ide.mcu.externaltools.gnu-tools-for-stm32.13.3.rel1.win32_1.0.0.202411081344/tools/bin/../lib/gcc/arm-none-eabi/13.3.1/../../../../arm-none-eabi/lib/thumb/v7e-m+fp/hard\libc_nano.a(libc_a-fprintf.o)
                              C:/ST/STM32CubeIDE_1.19.0/STM32CubeIDE/plugins/com.st.stm32cube.ide.mcu.externaltools.gnu-tools-for-stm32.13.3.rel1.win32_1.0.0.202411081344/tools/bin/../lib/gcc/arm-none-eabi/13.3.1/../../../../arm-none-eabi/lib/thumb/v7e-m+fp/hard\libc_nano.a(libc_a-assert.o) (fiprintf)
C:/ST/STM32CubeIDE_1.19.0/STM32CubeIDE/plugins/com.st.stm32cube.ide.mcu.externaltools.gnu-tools-for-stm32.13.3.rel1.win32_1.0.0.202411081344/tools/bin/../lib/gcc/arm-none-eabi/13.3.1/../../../../arm-none-eabi/lib/thumb/v7e-m+fp/hard\libc_nano.a(libc_a-fwalk.o)
                              C:/ST/STM32CubeIDE_1.19.0/STM32CubeIDE/plugins/com.st.stm32cube.ide.mcu.externaltools.gnu-tools-for-stm32.13.3.rel1.win32_1.0.0.202411081344/tools/bin/../lib/gcc/arm-none-eabi/13.3.1/../../../../arm-none-eabi/lib/thumb/v7e-m+fp/hard\libc_nano.a(libc_a-findfp.o) (_fwalk_sglue)
C:/ST/STM32CubeIDE_1.19.0/STM32CubeIDE/plugins/com.st.stm32cube.ide.mcu.externaltools.gnu-tools-for-stm32.13.3.rel1.win32_1.0.0.202411081344/tools/bin/../lib/gcc/arm-none-eabi/13.3.1/../../../../arm-none-eabi/lib/thumb/v7e-m+fp/hard\libc_nano.a(libc_a-printf.o)
                              ./Core/Src/littlefs/lfs.o (printf)
C:/ST/STM32CubeIDE_1.19.0/STM32CubeIDE/plugins/com.st.stm32cube.ide.mcu.externaltools.gnu-tools-for-stm32.13.3.rel1.win32_1.0.0.202411081344/tools/bin/../lib/gcc/arm-none-eabi/13.3.1/../../../../arm-none-eabi/lib/thumb/v7e-m+fp/hard\libc_nano.a(libc_a-stdio.o)
                              C:/ST/STM32CubeIDE_1.19.0/STM32CubeIDE/plugins/com.st.stm32cube.ide.mcu.externaltools.gnu-tools-for-stm32.13.3.rel1.win32_1.0.0.202411081344/tools/bin/../lib/gcc/arm-none-eabi/13.3.1/../../../../arm-none-eabi/lib/thumb/v7e-m+fp/hard\libc_nano.a(libc_a-findfp.o) (__sread)
[...]
Memory Configuration

Name             Origin             Length             Attributes
RAM              0x20000000         0x00020000         xrw
FLASH            0x08000000         0x00080000         xr
*default*        0x00000000         0xffffffff

Linker script and memory map

LOAD C:/ST/STM32CubeIDE_1.19.0/STM32CubeIDE/plugins/com.st.stm32cube.ide.mcu.externaltools.gnu-tools-for-stm32.13.3.rel1.win32_1.0.0.202411081344/tools/bin/../lib/gcc/arm-none-eabi/13.3.1/thumb/v7e-m+fp/hard/crti.o
LOAD C:/ST/STM32CubeIDE_1.19.0/STM32CubeIDE/plugins/com.st.stm32cube.ide.mcu.externaltools.gnu-tools-for-stm32.13.3.rel1.win32_1.0.0.202411081344/tools/bin/../lib/gcc/arm-none-eabi/13.3.1/thumb/v7e-m+fp/hard/crtbegin.o
LOAD C:/ST/STM32CubeIDE_1.19.0/STM32CubeIDE/plugins/com.st.stm32cube.ide.mcu.externaltools.gnu-tools-for-stm32.13.3.rel1.win32_1.0.0.202411081344/tools/bin/../lib/gcc/arm-none-eabi/13.3.1/../../../../arm-none-eabi/lib/thumb/v7e-m+fp/hard/crt0.o
LOAD ./Core/Src/bmi088.o
LOAD ./Core/Src/bmi08a.o
LOAD ./Core/Src/bmi08g.o
LOAD ./Core/Src/bmi08xa.o
LOAD ./Core/Src/lfs_port.o
LOAD ./Core/Src/main.o
LOAD ./Core/Src/stm32f4xx_hal_msp.o
LOAD ./Core/Src/stm32f4xx_it.o
LOAD ./Core/Src/syscalls.o
LOAD ./Core/Src/sysmem.o
LOAD ./Core/Src/system_stm32f4xx.o
LOAD ./Core/Src/flash/flash.o
LOAD ./Core/Src/flash/gd5f1gq5xe.o
LOAD ./Core/Src/flash/w25n01kv.o
LOAD ./Core/Src/littlefs/lfs.o
LOAD ./Core/Src/littlefs/lfs_util.o
LOAD ./Core/Startup/startup_stm32f411retx.o
LOAD ./Drivers/STM32F4xx_HAL_Driver/Src/stm32f4xx_hal.o
LOAD ./Drivers/STM32F4xx_HAL_Driver/Src/stm32f4xx_hal_cortex.o
LOAD ./Drivers/STM32F4xx_HAL_Driver/Src/stm32f4xx_hal_dma.o
LOAD ./Drivers/STM32F4xx_HAL_Driver/Src/stm32f4xx_hal_dma_ex.o
LOAD ./Drivers/STM32F4xx_HAL_Driver/Src/stm32f4xx_hal_exti.o
LOAD ./Drivers/STM32F4xx_HAL_Driver/Src/stm32f4xx_hal_flash.o
LOAD ./Drivers/STM32F4xx_HAL_Driver/Src/stm32f4xx_hal_flash_ex.o
LOAD ./Drivers/STM32F4xx_HAL_Driver/Src/stm32f4xx_hal_flash_ramfunc.o
LOAD ./Drivers/STM32F4xx_HAL_Driver/Src/stm32f4xx_hal_gpio.o
LOAD ./Drivers/STM32F4xx_HAL_Driver/Src/stm32f4xx_hal_pcd.o
LOAD ./Drivers/STM32F4xx_HAL_Driver/Src/stm32f4xx_hal_pcd_ex.o
LOAD ./Drivers/STM32F4xx_HAL_Driver/Src/stm32f4xx_hal_pwr.o
LOAD ./Drivers/STM32F4xx_HAL_Driver/Src/stm32f4xx_hal_pwr_ex.o
LOAD ./Drivers/STM32F4xx_HAL_Driver/Src/stm32f4xx_hal_rcc.o
LOAD ./Drivers/STM32F4xx_HAL_Driver/Src/stm32f4xx_hal_rcc_ex.o
LOAD ./Drivers/STM32F4xx_HAL_Driver/Src/stm32f4xx_hal_spi.o
LOAD ./Drivers/STM32F4xx_HAL_Driver/Src/stm32f4xx_ll_usb.o
START GROUP
LOAD C:/ST/STM32CubeIDE_1.19.0/STM32CubeIDE/plugins/com.st.stm32cube.ide.mcu.externaltools.gnu-tools-for-stm32.13.3.rel1.win32_1.0.0.202411081344/tools/bin/../lib/gcc/arm-none-eabi/13.3.1/../../../../arm-none-eabi/lib/thumb/v7e-m+fp/hard\libc_nano.a
LOAD C:/ST/STM32CubeIDE_1.19.0/STM32CubeIDE/plugins/com.st.stm32cube.ide.mcu.externaltools.gnu-tools-for-stm32.13.3.rel1.win32_1.0.0.202411081344/tools/bin/../lib/gcc/arm-none-eabi/13.3.1/../../../../arm-none-eabi/lib/thumb/v7e-m+fp/hard\libm.a
END GROUP
START GROUP
LOAD C:/ST/STM32CubeIDE_1.19.0/STM32CubeIDE/plugins/com.st.stm32cube.ide.mcu.externaltools.gnu-tools-for-stm32.13.3.rel1.win32_1.0.0.202411081344/tools/bin/../lib/gcc/arm-none-eabi/13.3.1/thumb/v7e-m+fp/hard\libgcc.a
LOAD C:/ST/STM32CubeIDE_1.19.0/STM32CubeIDE/plugins/com.st.stm32cube.ide.mcu.externaltools.gnu-tools-for-stm32.13.3.rel1.win32_1.0.0.202411081344/tools/bin/../lib/gcc/arm-none-eabi/13.3.1/../../../../arm-none-eabi/lib/thumb/v7e-m+fp/hard\libc_nano.a
END GROUP
START GROUP
LOAD C:/ST/STM32CubeIDE_1.19.0/STM32CubeIDE/plugins/com.st.stm32cube.ide.mcu.externaltools.gnu-tools-for-stm32.13.3.rel1.win32_1.0.0.202411081344/tools/bin/../lib/gcc/arm-none-eabi/13.3.1/thumb/v7e-m+fp/hard\libgcc.a
LOAD C:/ST/STM32CubeIDE_1.19.0/STM32CubeIDE/plugins/com.st.stm32cube.ide.mcu.externaltools.gnu-tools-for-stm32.13.3.rel1.win32_1.0.0.202411081344/tools/bin/../lib/gcc/arm-none-eabi/13.3.1/../../../../arm-none-eabi/lib/thumb/v7e-m+fp/hard\libc_nano.a
LOAD C:/ST/STM32CubeIDE_1.19.0/STM32CubeIDE/plugins/com.st.stm32cube.ide.mcu.externaltools.gnu-tools-for-stm32.13.3.rel1.win32_1.0.0.202411081344/tools/bin/../lib/gcc/arm-none-eabi/13.3.1/../../../../arm-none-eabi/lib/thumb/v7e-m+fp/hard\libnosys.a
END GROUP
START GROUP
LOAD C:/ST/STM32CubeIDE_1.19.0/STM32CubeIDE/plugins/com.st.stm32cube.ide.mcu.externaltools.gnu-tools-for-stm32.13.3.rel1.win32_1.0.0.202411081344/tools/bin/../lib/gcc/arm-none-eabi/13.3.1/thumb/v7e-m+fp/hard\libgcc.a
LOAD C:/ST/STM32CubeIDE_1.19.0/STM32CubeIDE/plugins/com.st.stm32cube.ide.mcu.externaltools.gnu-tools-for-stm32.13.3.rel1.win32_1.0.0.202411081344/tools/bin/../lib/gcc/arm-none-eabi/13.3.1/../../../../arm-none-eabi/lib/thumb/v7e-m+fp/hard\libc_nano.a
LOAD C:/ST/STM32CubeIDE_1.19.0/STM32CubeIDE/plugins/com.st.stm32cube.ide.mcu.externaltools.gnu-tools-for-stm32.13.3.rel1.win32_1.0.0.202411081344/tools/bin/../lib/gcc/arm-none-eabi/13.3.1/../../../../arm-none-eabi/lib/thumb/v7e-m+fp/hard\libnosys.a
END GROUP
LOAD C:/ST/STM32CubeIDE_1.19.0/STM32CubeIDE/plugins/com.st.stm32cube.ide.mcu.externaltools.gnu-tools-for-stm32.13.3.rel1.win32_1.0.0.202411081344/tools/bin/../lib/gcc/arm-none-eabi/13.3.1/thumb/v7e-m+fp/hard/crtend.o
LOAD C:/ST/STM32CubeIDE_1.19.0/STM32CubeIDE/plugins/com.st.stm32cube.ide.mcu.externaltools.gnu-tools-for-stm32.13.3.rel1.win32_1.0.0.202411081344/tools/bin/../lib/gcc/arm-none-eabi/13.3.1/thumb/v7e-m+fp/hard/crtn.o
                0x20020000                        _estack = (ORIGIN (RAM) + LENGTH (RAM))
                0x00000200                        _Min_Heap_Size = 0x200
                0x00000400                        _Min_Stack_Size = 0x400

.isr_vector     0x08000000      0x198
                0x08000000                        . = ALIGN (0x4)
 *(.isr_vector)
 .isr_vector    0x08000000      0x198 ./Core/Startup/startup_stm32f411retx.o
                0x08000000                g_pfnVectors
                0x08000198                        . = ALIGN (0x4)

.text           0x080001a0     0xeb24
                0x080001a0                        . = ALIGN (0x4)
 *(.text)
 .text          0x080001a0       0x40 C:/ST/STM32CubeIDE_1.19.0/STM32CubeIDE/plugins/com.st.stm32cube.ide.mcu.externaltools.gnu-tools-for-stm32.13.3.rel1.win32_1.0.0.202411081344/tools/bin/../lib/gcc/arm-none-eabi/13.3.1/thumb/v7e-m+fp/hard/crtbegin.o
 .text          0x080001e0       0xa0 C:/ST/STM32CubeIDE_1.19.0/STM32CubeIDE/plugins/com.st.stm32cube.ide.mcu.externaltools.gnu-tools-for-stm32.13.3.rel1.win32_1.0.0.202411081344/tools/bin/../lib/gcc/arm-none-eabi/13.3.1/../../../../arm-none-eabi/lib/thumb/v7e-m+fp/hard\libc_nano.a(libc_a-memchr.o)
                0x080001e0                memchr
 .text          0x08000280      0x378 C:/ST/STM32CubeIDE_1.19.0/STM32CubeIDE/plugins/com.st.stm32cube.ide.mcu.externaltools.gnu-tools-for-stm32.13.3.rel1.win32_1.0.0.202411081344/tools/bin/../lib/gcc/arm-none-eabi/13.3.1/thumb/v7e-m+fp/hard\libgcc.a(_arm_addsubdf3.o)
                0x08000280                __aeabi_drsub
                0x08000288                __aeabi_dsub
                0x08000288                __subdf3
                0x0800028c                __aeabi_dadd
                0x0800028c                __adddf3
                0x08000504                __floatunsidf
                0x08000504                __aeabi_ui2d
                0x08000524                __floatsidf
                0x08000524                __aeabi_i2d
                0x08000548                __aeabi_f2d
                0x08000548                __extendsfdf2
                0x0800058c                __floatundidf
                0x0800058c                __aeabi_ul2d
                0x0800059c                __floatdidf
                0x0800059c                __aeabi_l2d
 .text          0x080005f8      0x424 C:/ST/STM32CubeIDE_1.19.0/STM32CubeIDE/plugins/com.st.stm32cube.ide.mcu.externaltools.gnu-tools-for-stm32.13.3.rel1.win32_1.0.0.202411081344/tools/bin/../lib/gcc/arm-none-eabi/13.3.1/thumb/v7e-m+fp/hard\libgcc.a(_arm_muldivdf3.o)
                0x080005f8                __aeabi_dmul
                0x080005f8                __muldf3
                0x0800084c                __divdf3
                0x0800084c                __aeabi_ddiv
 .text          0x08000a1c      0x110 C:/ST/STM32CubeIDE_1.19.0/STM32CubeIDE/plugins/com.st.stm32cube.ide.mcu.externaltools.gnu-tools-for-stm32.13.3.rel1.win32_1.0.0.202411081344/tools/bin/../lib/gcc/arm-none-eabi/13.3.1/thumb/v7e-m+fp/hard\libgcc.a(_arm_cmpdf2.o)
                0x08000a1c                __gtdf2
                0x08000a1c                __gedf2
                0x08000a24                __ltdf2
                0x08000a24                __ledf2
                0x08000a2c                __nedf2
                0x08000a2c                __eqdf2
                0x08000a2c                __cmpdf2
                0x08000aa8                __aeabi_cdrcmple
                0x08000ab8                __aeabi_cdcmpeq
                0x08000ab8                __aeabi_cdcmple
                0x08000ac8                __aeabi_dcmpeq
                0x08000adc                __aeabi_dcmplt
                0x08000af0                __aeabi_dcmple
                0x08000b04                __aeabi_dcmpge
                0x08000b18                __aeabi_dcmpgt
 .text          0x08000b2c       0x2c C:/ST/STM32CubeIDE_1.19.0/STM32CubeIDE/plugins/com.st.stm32cube.ide.mcu.externaltools.gnu-tools-for-stm32.13.3.rel1.win32_1.0.0.202411081344/tools/bin/../lib/gcc/arm-none-eabi/13.3.1/thumb/v7e-m+fp/hard\libgcc.a(_arm_unorddf2.o)
                0x08000b2c                __unorddf2
                0x08000b2c                __aeabi_dcmpun
 .text          0x08000b58       0x40 C:/ST/STM32CubeIDE_1.19.0/STM32CubeIDE/plugins/com.st.stm32cube.ide.mcu.externaltools.gnu-tools-for-stm32.13.3.rel1.win32_1.0.0.202411081344/tools/bin/../lib/gcc/arm-none-eabi/13.3.1/thumb/v7e-m+fp/hard\libgcc.a(_arm_fixunsdfsi.o)
                0x08000b58                __aeabi_d2uiz
                0x08000b58                __fixunsdfsi
 .text          0x08000b98       0xa0 C:/ST/STM32CubeIDE_1.19.0/STM32CubeIDE/plugins/com.st.stm32cube.ide.mcu.externaltools.gnu-tools-for-stm32.13.3.rel1.win32_1.0.0.202411081344/tools/bin/../lib/gcc/arm-none-eabi/13.3.1/thumb/v7e-m+fp/hard\libgcc.a(_arm_truncdfsf2.o)
                0x08000b98                __truncdfsf2
                0x08000b98                __aeabi_d2f
 .text          0x08000c38       0x30 C:/ST/STM32CubeIDE_1.19.0/STM32CubeIDE/plugins/com.st.stm32cube.ide.mcu.externaltools.gnu-tools-for-stm32.13.3.rel1.win32_1.0.0.202411081344/tools/bin/../lib/gcc/arm-none-eabi/13.3.1/thumb/v7e-m+fp/hard\libgcc.a(_aeabi_uldivmod.o)
                0x08000c38                __aeabi_uldivmod
 .text          0x08000c68       0x28 C:/ST/STM32CubeIDE_1.19.0/STM32CubeIDE/plugins/com.st.stm32cube.ide.mcu.externaltools.gnu-tools-for-stm32.13.3.rel1.win32_1.0.0.202411081344/tools/bin/../lib/gcc/arm-none-eabi/13.3.1/thumb/v7e-m+fp/hard\libgcc.a(_popcountsi2.o)
                0x08000c68                __popcountsi2
 .text          0x08000c90      0x2f8 C:/ST/STM32CubeIDE_1.19.0/STM32CubeIDE/plugins/com.st.stm32cube.ide.mcu.externaltools.gnu-tools-for-stm32.13.3.rel1.win32_1.0.0.202411081344/tools/bin/../lib/gcc/arm-none-eabi/13.3.1/thumb/v7e-m+fp/hard\libgcc.a(_udivmoddi4.o)
                0x08000c90                __udivmoddi4
 .text          0x08000f88        0x4 C:/ST/STM32CubeIDE_1.19.0/STM32CubeIDE/plugins/com.st.stm32cube.ide.mcu.externaltools.gnu-tools-for-stm32.13.3.rel1.win32_1.0.0.202411081344/tools/bin/../lib/gcc/arm-none-eabi/13.3.1/thumb/v7e-m+fp/hard\libgcc.a(_dvmd_tls.o)
                0x08000f88                __aeabi_idiv0
                0x08000f88                __aeabi_ldiv0
 *(.text*)
 .text.bmi088_read_spi
                0x08000f8c       0xa6 ./Core/Src/bmi088.o
                0x08000f8c                bmi088_read_spi
 .text.bmi088_write_spi
                0x08001032       0xa6 ./Core/Src/bmi088.o
                0x08001032                bmi088_write_spi
 .text.bmi088_delay_us
                0x080010d8       0x50 ./Core/Src/bmi088.o
                0x080010d8                bmi088_delay_us
 .text.bmi088_init
                0x08001128      0x224 ./Core/Src/bmi088.o
                0x08001128                bmi088_init
 .text.bmi088_update_accel_data
                0x0800134c       0x1e ./Core/Src/bmi088.o
                0x0800134c                bmi088_update_accel_data
 .text.bmi088_update_gyro_data
                0x0800136a       0x1e ./Core/Src/bmi088.o
                0x0800136a                bmi088_update_gyro_data
 .text.bmi088_convert_accel_axis_data
                0x08001388       0xbc ./Core/Src/bmi088.o
                0x08001388                bmi088_convert_accel_axis_data
 *fill*         0x08001444        0x4 
 .text.bmi088_convert_gyro_axis_data
                0x08001448      0x198 ./Core/Src/bmi088.o
                0x08001448                bmi088_convert_gyro_axis_data
 .text.bmi08a_init
                0x080015e0       0x88 ./Core/Src/bmi08a.o
                0x080015e0                bmi08a_init
 .text.bmi08a_load_config_file
                0x08001668      0x138 ./Core/Src/bmi08a.o
                0x08001668                bmi08a_load_config_file
 .text.bmi08a_get_set_regs
                0x080017a0       0xb2 ./Core/Src/bmi08a.o
                0x080017a0                bmi08a_get_set_regs
 .text.bmi08a_soft_reset
                0x08001852       0x76 ./Core/Src/bmi08a.o
                0x08001852                bmi08a_soft_reset
 .text.bmi08a_set_meas_conf
                0x080018c8       0xec ./Core/Src/bmi08a.o
                0x080018c8                bmi08a_set_meas_conf
 .text.bmi08a_set_power_mode
                0x080019b4       0xba ./Core/Src/bmi08a.o
                0x080019b4                bmi08a_set_power_mode
 .text.bmi08a_get_data
                0x08001a6e       0xbc ./Core/Src/bmi08a.o
                0x08001a6e                bmi08a_get_data
 *fill*         0x08001b2a        0x2 
 .text.bmi08a_set_int_config
                0x08001b2c       0xac ./Core/Src/bmi08a.o
                0x08001b2c                bmi08a_set_int_config
 .text.dev_null_ptr_check
                0x08001bd8       0x3e ./Core/Src/bmi08a.o
 .text.generic_null_ptr_check
                0x08001c16       0x26 ./Core/Src/bmi08a.o
 .text.set_get_regs
                0x08001c3c       0xe4 ./Core/Src/bmi08a.o
 .text.set_int_pin_config
                0x08001d20      0x128 ./Core/Src/bmi08a.o
 .text.set_accel_data_ready_int
                0x08001e48       0xa6 ./Core/Src/bmi08a.o
 .text.set_accel_sync_data_ready_int
                0x08001eee       0x9c ./Core/Src/bmi08a.o
 .text.set_accel_sync_input
                0x08001f8a       0x44 ./Core/Src/bmi08a.o
 .text.stream_transfer_write
                0x08001fce       0x8c ./Core/Src/bmi08a.o
 .text.set_fifo_full_wm_int
                0x0800205a      0x104 ./Core/Src/bmi08a.o
 .text.config_map_int_pin
                0x0800215e       0x52 ./Core/Src/bmi08a.o
 .text.int_pin_channel_config
                0x080021b0       0x48 ./Core/Src/bmi08a.o
 .text.bmi08g_init
                0x080021f8       0x5c ./Core/Src/bmi08g.o
                0x080021f8                bmi08g_init
 .text.bmi08g_get_regs
                0x08002254       0x56 ./Core/Src/bmi08g.o
                0x08002254                bmi08g_get_regs
 .text.bmi08g_set_regs
                0x080022aa       0x94 ./Core/Src/bmi08g.o
                0x080022aa                bmi08g_set_regs
 .text.bmi08g_soft_reset
                0x0800233e       0x54 ./Core/Src/bmi08g.o
                0x0800233e                bmi08g_soft_reset
 .text.bmi08g_set_meas_conf
                0x08002392      0x114 ./Core/Src/bmi08g.o
                0x08002392                bmi08g_set_meas_conf
 .text.bmi08g_set_power_mode
                0x080024a6       0xa0 ./Core/Src/bmi08g.o
                0x080024a6                bmi08g_set_power_mode
 .text.bmi08g_get_data
                0x08002546       0xb4 ./Core/Src/bmi08g.o
                0x08002546                bmi08g_get_data
 .text.bmi08g_set_int_config
                0x080025fa       0x6a ./Core/Src/bmi08g.o
                0x080025fa                bmi08g_set_int_config
 .text.null_ptr_check
                0x08002664       0x40 ./Core/Src/bmi08g.o
 .text.get_regs
                0x080026a4       0x58 ./Core/Src/bmi08g.o
 .text.set_regs
                0x080026fc       0xb0 ./Core/Src/bmi08g.o
 .text.set_gyro_data_ready_int
                0x080027ac       0xe6 ./Core/Src/bmi08g.o
 .text.set_fifo_int
                0x08002892       0xf0 ./Core/Src/bmi08g.o
 .text.set_int_pin_config
                0x08002982       0xd8 ./Core/Src/bmi08g.o
 *fill*         0x08002a5a        0x2 
 .text.bmi08xa_init
                0x08002a5c       0x58 ./Core/Src/bmi08xa.o
                0x08002a5c                bmi08xa_init
 .text.bmi08xa_set_meas_conf
                0x08002ab4       0x30 ./Core/Src/bmi08xa.o
                0x08002ab4                bmi08xa_set_meas_conf
 .text.set_range
                0x08002ae4       0xa2 ./Core/Src/bmi08xa.o
 *fill*         0x08002b86        0x2 
 .text.csLow    0x08002b88       0x18 ./Core/Src/lfs_port.o
 .text.csHigh   0x08002ba0       0x18 ./Core/Src/lfs_port.o
 .text.spiSend  0x08002bb8       0x28 ./Core/Src/lfs_port.o
 .text.spiReceive
                0x08002be0       0x28 ./Core/Src/lfs_port.o
 .text.lfs_read
                0x08002c08       0x9c ./Core/Src/lfs_port.o
                0x08002c08                lfs_read
 .text.lfs_prog
                0x08002ca4       0xb0 ./Core/Src/lfs_port.o
                0x08002ca4                lfs_prog
 .text.lfs_erase
                0x08002d54       0x62 ./Core/Src/lfs_port.o
                0x08002d54                lfs_erase
 .text.lfs_sync
                0x08002db6       0x16 ./Core/Src/lfs_port.o
                0x08002db6                lfs_sync
 .text.gd5f_unlock
                0x08002dcc       0x50 ./Core/Src/lfs_port.o
 .text.stmlfs_mount
                0x08002e1c       0x40 ./Core/Src/lfs_port.o
                0x08002e1c                stmlfs_mount
 .text.stmlfs_unmount
                0x08002e5c       0x14 ./Core/Src/lfs_port.o
                0x08002e5c                stmlfs_unmount
 .text.stmlfs_file_open
                0x08002e70       0x28 ./Core/Src/lfs_port.o
                0x08002e70                stmlfs_file_open
 .text.stmlfs_file_read
                0x08002e98       0x28 ./Core/Src/lfs_port.o
                0x08002e98                stmlfs_file_read
 .text.stmlfs_file_rewind
                0x08002ec0       0x20 ./Core/Src/lfs_port.o
                0x08002ec0                stmlfs_file_rewind
 .text.stmlfs_file_write
                0x08002ee0       0x28 ./Core/Src/lfs_port.o
                0x08002ee0                stmlfs_file_write
 .text.stmlfs_file_close
                0x08002f08       0x20 ./Core/Src/lfs_port.o
                0x08002f08                stmlfs_file_close
 .text.main     0x08002f28      0x1f0 ./Core/Src/main.o
                0x08002f28                main
 .text.SystemClock_Config
                0x08003118       0xd0 ./Core/Src/main.o
                0x08003118                SystemClock_Config
 .text.MX_SPI1_Init
                0x080031e8       0x6c ./Core/Src/main.o
 .text.MX_SPI2_Init
                0x08003254       0x6c ./Core/Src/main.o
 .text.MX_SPI3_Init
                0x080032c0       0x6c ./Core/Src/main.o
 .text.MX_USB_OTG_FS_PCD_Init
                0x0800332c       0x5c ./Core/Src/main.o
 .text.MX_GPIO_Init
                0x08003388      0x204 ./Core/Src/main.o
 .text.Error_Handler
                0x0800358c        0xc ./Core/Src/main.o
                0x0800358c                Error_Handler
 .text.HAL_MspInit
                0x08003598       0x50 ./Core/Src/stm32f4xx_hal_msp.o
                0x08003598                HAL_MspInit
 .text.HAL_SPI_MspInit
                0x080035e8      0x164 ./Core/Src/stm32f4xx_hal_msp.o
                0x080035e8                HAL_SPI_MspInit
 .text.HAL_PCD_MspInit
                0x0800374c       0x98 ./Core/Src/stm32f4xx_hal_msp.o
                0x0800374c                HAL_PCD_MspInit
 .text.NMI_Handler
                0x080037e4        0x8 ./Core/Src/stm32f4xx_it.o
                0x080037e4                NMI_Handler
 .text.HardFault_Handler
                0x080037ec        0x8 ./Core/Src/stm32f4xx_it.o
                0x080037ec                HardFault_Handler
 .text.MemManage_Handler
                0x080037f4        0x8 ./Core/Src/stm32f4xx_it.o
                0x080037f4                MemManage_Handler
 .text.BusFault_Handler
                0x080037fc        0x8 ./Core/Src/stm32f4xx_it.o
                0x080037fc                BusFault_Handler
 .text.UsageFault_Handler
                0x08003804        0x8 ./Core/Src/stm32f4xx_it.o
                0x08003804                UsageFault_Handler
 .text.SVC_Handler
                0x0800380c        0xe ./Core/Src/stm32f4xx_it.o
                0x0800380c                SVC_Handler
 .text.DebugMon_Handler
                0x0800381a        0xe ./Core/Src/stm32f4xx_it.o
                0x0800381a                DebugMon_Handler
 .text.PendSV_Handler
                0x08003828        0xe ./Core/Src/stm32f4xx_it.o
                0x08003828                PendSV_Handler
 .text.SysTick_Handler
                0x08003836        0xc ./Core/Src/stm32f4xx_it.o
                0x08003836                SysTick_Handler
 .text._getpid  0x08003842       0x10 ./Core/Src/syscalls.o
                0x08003842                _getpid
 .text._kill    0x08003852       0x20 ./Core/Src/syscalls.o
                0x08003852                _kill
 .text._exit    0x08003872       0x16 ./Core/Src/syscalls.o
                0x08003872                _exit
 .text._read    0x08003888       0x3a ./Core/Src/syscalls.o
                0x08003888                _read
 .text._write   0x080038c2       0x38 ./Core/Src/syscalls.o
                0x080038c2                _write
 .text._close   0x080038fa       0x18 ./Core/Src/syscalls.o
                0x080038fa                _close
 .text._fstat   0x08003912       0x20 ./Core/Src/syscalls.o
                0x08003912                _fstat
 .text._isatty  0x08003932       0x16 ./Core/Src/syscalls.o
                0x08003932                _isatty
 .text._lseek   0x08003948       0x1a ./Core/Src/syscalls.o
                0x08003948                _lseek
 *fill*         0x08003962        0x2 
 .text._sbrk    0x08003964       0x6c ./Core/Src/sysmem.o
                0x08003964                _sbrk
 .text.SystemInit
                0x080039d0       0x24 ./Core/Src/system_stm32f4xx.o
                0x080039d0                SystemInit
 .text.lfs_max  0x080039f4       0x20 ./Core/Src/littlefs/lfs.o
 .text.lfs_min  0x08003a14       0x20 ./Core/Src/littlefs/lfs.o
 .text.lfs_aligndown
                0x08003a34       0x2a ./Core/Src/littlefs/lfs.o
 .text.lfs_alignup
                0x08003a5e       0x24 ./Core/Src/littlefs/lfs.o
 .text.lfs_npw2
                0x08003a82       0x20 ./Core/Src/littlefs/lfs.o
 .text.lfs_ctz  0x08003aa2       0x1e ./Core/Src/littlefs/lfs.o
 .text.lfs_popc
                0x08003ac0       0x18 ./Core/Src/littlefs/lfs.o
 .text.lfs_scmp
                0x08003ad8       0x1c ./Core/Src/littlefs/lfs.o
 .text.lfs_fromle32
                0x08003af4       0x16 ./Core/Src/littlefs/lfs.o
 .text.lfs_tole32
                0x08003b0a       0x18 ./Core/Src/littlefs/lfs.o
 .text.lfs_frombe32
                0x08003b22       0x18 ./Core/Src/littlefs/lfs.o
 .text.lfs_tobe32
                0x08003b3a       0x18 ./Core/Src/littlefs/lfs.o
 .text.lfs_malloc
                0x08003b52       0x18 ./Core/Src/littlefs/lfs.o
 .text.lfs_free
                0x08003b6a       0x16 ./Core/Src/littlefs/lfs.o
 .text.lfs_cache_drop
                0x08003b80       0x1e ./Core/Src/littlefs/lfs.o
 .text.lfs_cache_zero
                0x08003b9e       0x2c ./Core/Src/littlefs/lfs.o
 *fill*         0x08003bca        0x2 
 .text.lfs_bd_read
                0x08003bcc      0x298 ./Core/Src/littlefs/lfs.o
 .text.lfs_bd_cmp
                0x08003e64       0xa2 ./Core/Src/littlefs/lfs.o
 .text.lfs_bd_crc
                0x08003f06       0x8c ./Core/Src/littlefs/lfs.o
 *fill*         0x08003f92        0x2 
 .text.lfs_bd_flush
                0x08003f94       0xf4 ./Core/Src/littlefs/lfs.o
 .text.lfs_bd_sync
                0x08004088       0x68 ./Core/Src/littlefs/lfs.o
 .text.lfs_bd_prog
                0x080040f0      0x15c ./Core/Src/littlefs/lfs.o
 .text.lfs_bd_erase
                0x0800424c       0x64 ./Core/Src/littlefs/lfs.o
 .text.lfs_path_namelen
                0x080042b0       0x20 ./Core/Src/littlefs/lfs.o
 .text.lfs_path_islast
                0x080042d0       0x40 ./Core/Src/littlefs/lfs.o
 .text.lfs_path_isdir
                0x08004310       0x28 ./Core/Src/littlefs/lfs.o
 .text.lfs_pair_swap
                0x08004338       0x2a ./Core/Src/littlefs/lfs.o
 .text.lfs_pair_isnull
                0x08004362       0x36 ./Core/Src/littlefs/lfs.o
 .text.lfs_pair_cmp
                0x08004398       0x54 ./Core/Src/littlefs/lfs.o
 .text.lfs_pair_issync
                0x080043ec       0x5a ./Core/Src/littlefs/lfs.o
 .text.lfs_pair_fromle32
                0x08004446       0x34 ./Core/Src/littlefs/lfs.o
 .text.lfs_pair_tole32
                0x0800447a       0x34 ./Core/Src/littlefs/lfs.o
 .text.lfs_tag_isvalid
                0x080044ae       0x1c ./Core/Src/littlefs/lfs.o
 .text.lfs_tag_isdelete
                0x080044ca       0x26 ./Core/Src/littlefs/lfs.o
 .text.lfs_tag_type1
                0x080044f0       0x20 ./Core/Src/littlefs/lfs.o
 .text.lfs_tag_type2
                0x08004510       0x20 ./Core/Src/littlefs/lfs.o
 .text.lfs_tag_type3
                0x08004530       0x20 ./Core/Src/littlefs/lfs.o
 .text.lfs_tag_chunk
                0x08004550       0x1a ./Core/Src/littlefs/lfs.o
 .text.lfs_tag_splice
                0x0800456a       0x1a ./Core/Src/littlefs/lfs.o
 .text.lfs_tag_id
                0x08004584       0x20 ./Core/Src/littlefs/lfs.o
 .text.lfs_tag_size
                0x080045a4       0x1a ./Core/Src/littlefs/lfs.o
 .text.lfs_tag_dsize
                0x080045be       0x28 ./Core/Src/littlefs/lfs.o
 .text.lfs_gstate_xor
                0x080045e6       0x40 ./Core/Src/littlefs/lfs.o
 .text.lfs_gstate_iszero
                0x08004626       0x38 ./Core/Src/littlefs/lfs.o
 .text.lfs_gstate_hasorphans
                0x0800465e       0x26 ./Core/Src/littlefs/lfs.o
 .text.lfs_gstate_getorphans
                0x08004684       0x1e ./Core/Src/littlefs/lfs.o
 .text.lfs_gstate_hasmove
                0x080046a2       0x26 ./Core/Src/littlefs/lfs.o
 .text.lfs_gstate_needssuperblock
                0x080046c8       0x28 ./Core/Src/littlefs/lfs.o
 .text.lfs_gstate_hasmovehere
                0x080046f0       0x40 ./Core/Src/littlefs/lfs.o
 .text.lfs_gstate_fromle32
                0x08004730       0x40 ./Core/Src/littlefs/lfs.o
 .text.lfs_gstate_tole32
                0x08004770       0x40 ./Core/Src/littlefs/lfs.o
 .text.lfs_fcrc_fromle32
                0x080047b0       0x30 ./Core/Src/littlefs/lfs.o
 .text.lfs_fcrc_tole32
                0x080047e0       0x30 ./Core/Src/littlefs/lfs.o
 .text.lfs_ctz_fromle32
                0x08004810       0x30 ./Core/Src/littlefs/lfs.o
 .text.lfs_ctz_tole32
                0x08004840       0x30 ./Core/Src/littlefs/lfs.o
 .text.lfs_superblock_fromle32
                0x08004870       0x70 ./Core/Src/littlefs/lfs.o
 .text.lfs_superblock_tole32
                0x080048e0       0x70 ./Core/Src/littlefs/lfs.o
 .text.lfs_mlist_isopen
                0x08004950       0x3a ./Core/Src/littlefs/lfs.o
 .text.lfs_mlist_remove
                0x0800498a       0x44 ./Core/Src/littlefs/lfs.o
 .text.lfs_mlist_append
                0x080049ce       0x24 ./Core/Src/littlefs/lfs.o
 *fill*         0x080049f2        0x2 
 .text.lfs_fs_disk_version
                0x080049f4       0x1c ./Core/Src/littlefs/lfs.o
 .text.lfs_fs_disk_version_major
                0x08004a10       0x1c ./Core/Src/littlefs/lfs.o
 .text.lfs_fs_disk_version_minor
                0x08004a2c       0x1a ./Core/Src/littlefs/lfs.o
 .text.lfs_alloc_ckpoint
                0x08004a46       0x1c ./Core/Src/littlefs/lfs.o
 .text.lfs_alloc_drop
                0x08004a62       0x22 ./Core/Src/littlefs/lfs.o
 .text.lfs_alloc_lookahead
                0x08004a84       0x6a ./Core/Src/littlefs/lfs.o
 *fill*         0x08004aee        0x2 
 .text.lfs_alloc_scan
                0x08004af0       0x84 ./Core/Src/littlefs/lfs.o
 .text.lfs_alloc
                0x08004b74      0x110 ./Core/Src/littlefs/lfs.o
 .text.lfs_dir_getslice
                0x08004c84      0x1ec ./Core/Src/littlefs/lfs.o
 .text.lfs_dir_get
                0x08004e70       0x36 ./Core/Src/littlefs/lfs.o
 .text.lfs_dir_getread
                0x08004ea6      0x1b6 ./Core/Src/littlefs/lfs.o
 .text.lfs_dir_traverse_filter
                0x0800505c       0xb8 ./Core/Src/littlefs/lfs.o
 .text.lfs_dir_traverse
                0x08005114      0x7c8 ./Core/Src/littlefs/lfs.o
 .text.lfs_dir_fetchmatch
                0x080058dc      0x7a0 ./Core/Src/littlefs/lfs.o
 .text.lfs_dir_fetch
                0x0800607c       0x36 ./Core/Src/littlefs/lfs.o
 *fill*         0x080060b2        0x2 
 .text.lfs_dir_getgstate
                0x080060b4       0x64 ./Core/Src/littlefs/lfs.o
 .text.lfs_dir_find_match
                0x08006118       0x92 ./Core/Src/littlefs/lfs.o
 *fill*         0x080061aa        0x2 
 .text.lfs_dir_find
                0x080061ac      0x208 ./Core/Src/littlefs/lfs.o
 .text.lfs_dir_commitprog
                0x080063b4       0x6c ./Core/Src/littlefs/lfs.o
 .text.lfs_dir_commitattr
                0x08006420      0x100 ./Core/Src/littlefs/lfs.o
 .text.lfs_dir_commitcrc
                0x08006520      0x2e0 ./Core/Src/littlefs/lfs.o
 .text.lfs_dir_alloc
                0x08006800       0xf2 ./Core/Src/littlefs/lfs.o
 .text.lfs_dir_split
                0x080068f2       0xa8 ./Core/Src/littlefs/lfs.o
 .text.lfs_dir_commit_size
                0x0800699a       0x2c ./Core/Src/littlefs/lfs.o
 .text.lfs_dir_commit_commit
                0x080069c6       0x2a ./Core/Src/littlefs/lfs.o
 .text.lfs_dir_needsrelocation
                0x080069f0       0x4c ./Core/Src/littlefs/lfs.o
 .text.lfs_dir_compact
                0x08006a3c      0x3f0 ./Core/Src/littlefs/lfs.o
 .text.lfs_dir_splittingcompact
                0x08006e2c      0x230 ./Core/Src/littlefs/lfs.o
 .text.lfs_dir_relocatingcommit
                0x0800705c      0x58c ./Core/Src/littlefs/lfs.o
 .text.lfs_dir_orphaningcommit
                0x080075e8      0x5f4 ./Core/Src/littlefs/lfs.o
 .text.lfs_dir_commit
                0x08007bdc       0x4a ./Core/Src/littlefs/lfs.o
 .text.lfs_ctz_index
                0x08007c26       0x70 ./Core/Src/littlefs/lfs.o
 .text.lfs_ctz_find
                0x08007c96       0xd6 ./Core/Src/littlefs/lfs.o
 .text.lfs_ctz_extend
                0x08007d6c      0x214 ./Core/Src/littlefs/lfs.o
 .text.lfs_ctz_traverse
                0x08007f80       0xf8 ./Core/Src/littlefs/lfs.o
 .text.lfs_file_opencfg_
                0x08008078      0x3c0 ./Core/Src/littlefs/lfs.o
 .text.lfs_file_open_
                0x08008438       0x30 ./Core/Src/littlefs/lfs.o
 .text.lfs_file_close_
                0x08008468       0x3a ./Core/Src/littlefs/lfs.o
 *fill*         0x080084a2        0x2 
 .text.lfs_file_relocate
                0x080084a4      0x1b4 ./Core/Src/littlefs/lfs.o
 .text.lfs_file_outline
                0x08008658       0x42 ./Core/Src/littlefs/lfs.o
 *fill*         0x0800869a        0x2 
 .text.lfs_file_flush
                0x0800869c      0x1a8 ./Core/Src/littlefs/lfs.o
 .text.lfs_file_sync_
                0x08008844      0x140 ./Core/Src/littlefs/lfs.o
 .text.lfs_file_flushedread
                0x08008984      0x1a4 ./Core/Src/littlefs/lfs.o
 .text.lfs_file_read_
                0x08008b28       0x6c ./Core/Src/littlefs/lfs.o
 .text.lfs_file_flushedwrite
                0x08008b94      0x21e ./Core/Src/littlefs/lfs.o
 *fill*         0x08008db2        0x2 
 .text.lfs_file_write_
                0x08008db4      0x108 ./Core/Src/littlefs/lfs.o
 .text.lfs_file_seek_
                0x08008ebc       0xfe ./Core/Src/littlefs/lfs.o
 .text.lfs_file_rewind_
                0x08008fba       0x2c ./Core/Src/littlefs/lfs.o
 .text.lfs_file_size_
                0x08008fe6       0x36 ./Core/Src/littlefs/lfs.o
 .text.lfs_init
                0x0800901c      0x5d4 ./Core/Src/littlefs/lfs.o
 .text.lfs_deinit
                0x080095f0       0x4e ./Core/Src/littlefs/lfs.o
 *fill*         0x0800963e        0x2 
 .text.lfs_format_
                0x08009640      0x164 ./Core/Src/littlefs/lfs.o
 .text.lfs_tortoise_detectcycles
                0x080097a4       0x80 ./Core/Src/littlefs/lfs.o
 .text.lfs_mount_
                0x08009824      0x404 ./Core/Src/littlefs/lfs.o
 .text.lfs_unmount_
                0x08009c28       0x18 ./Core/Src/littlefs/lfs.o
 .text.lfs_fs_traverse_
                0x08009c40      0x260 ./Core/Src/littlefs/lfs.o
 .text.lfs_fs_pred
                0x08009ea0       0x9c ./Core/Src/littlefs/lfs.o
 .text.lfs_fs_parent_match
                0x08009f3c       0x84 ./Core/Src/littlefs/lfs.o
 .text.lfs_fs_parent
                0x08009fc0       0xbc ./Core/Src/littlefs/lfs.o
 .text.lfs_fs_prepsuperblock
                0x0800a07c       0x2a ./Core/Src/littlefs/lfs.o
 *fill*         0x0800a0a6        0x2 
 .text.lfs_fs_preporphans
                0x0800a0a8       0xa0 ./Core/Src/littlefs/lfs.o
 .text.lfs_fs_prepmove
                0x0800a148       0x74 ./Core/Src/littlefs/lfs.o
 .text.lfs_fs_desuperblock
                0x0800a1bc       0xd8 ./Core/Src/littlefs/lfs.o
 .text.lfs_fs_demove
                0x0800a294       0xf8 ./Core/Src/littlefs/lfs.o
 .text.lfs_fs_deorphan
                0x0800a38c      0x360 ./Core/Src/littlefs/lfs.o
 .text.lfs_fs_forceconsistency
                0x0800a6ec       0x4a ./Core/Src/littlefs/lfs.o
 .text.lfs_fs_size_count
                0x0800a736       0x26 ./Core/Src/littlefs/lfs.o
 .text.lfs_fs_size_
                0x0800a75c       0x34 ./Core/Src/littlefs/lfs.o
 .text.lfs_format
                0x0800a790       0x2c ./Core/Src/littlefs/lfs.o
                0x0800a790                lfs_format
 .text.lfs_mount
                0x0800a7bc       0x2c ./Core/Src/littlefs/lfs.o
                0x0800a7bc                lfs_mount
 .text.lfs_unmount
                0x0800a7e8       0x28 ./Core/Src/littlefs/lfs.o
                0x0800a7e8                lfs_unmount
 .text.lfs_file_open
                0x0800a810       0x68 ./Core/Src/littlefs/lfs.o
                0x0800a810                lfs_file_open
 .text.lfs_file_close
                0x0800a878       0x58 ./Core/Src/littlefs/lfs.o
                0x0800a878                lfs_file_close
 .text.lfs_file_read
                0x0800a8d0       0x60 ./Core/Src/littlefs/lfs.o
                0x0800a8d0                lfs_file_read
 .text.lfs_file_write
                0x0800a930       0x60 ./Core/Src/littlefs/lfs.o
                0x0800a930                lfs_file_write
 .text.lfs_file_rewind
                0x0800a990       0x2c ./Core/Src/littlefs/lfs.o
                0x0800a990                lfs_file_rewind
 .text.lfs_crc  0x0800a9bc       0x7c ./Core/Src/littlefs/lfs_util.o
                0x0800a9bc                lfs_crc
 .text.Reset_Handler
                0x0800aa38       0x50 ./Core/Startup/startup_stm32f411retx.o
                0x0800aa38                Reset_Handler
 .text.Default_Handler
                0x0800aa88        0x2 ./Core/Startup/startup_stm32f411retx.o
                0x0800aa88                RTC_Alarm_IRQHandler
                0x0800aa88                EXTI2_IRQHandler
                0x0800aa88                SPI4_IRQHandler
                0x0800aa88                TIM1_CC_IRQHandler
                0x0800aa88                DMA2_Stream5_IRQHandler
                0x0800aa88                DMA1_Stream5_IRQHandler
                0x0800aa88                PVD_IRQHandler
                0x0800aa88                SDIO_IRQHandler
                0x0800aa88                TAMP_STAMP_IRQHandler
                0x0800aa88                EXTI3_IRQHandler
                0x0800aa88                TIM1_UP_TIM10_IRQHandler
                0x0800aa88                I2C3_ER_IRQHandler
                0x0800aa88                EXTI0_IRQHandler
                0x0800aa88                I2C2_EV_IRQHandler
                0x0800aa88                DMA1_Stream2_IRQHandler
                0x0800aa88                FPU_IRQHandler
                0x0800aa88                DMA2_Stream2_IRQHandler
                0x0800aa88                SPI1_IRQHandler
                0x0800aa88                TIM1_BRK_TIM9_IRQHandler
                0x0800aa88                DMA2_Stream3_IRQHandler
                0x0800aa88                USART6_IRQHandler
                0x0800aa88                DMA2_Stream0_IRQHandler
                0x0800aa88                TIM4_IRQHandler
                0x0800aa88                I2C1_EV_IRQHandler
                0x0800aa88                DMA1_Stream6_IRQHandler
                0x0800aa88                DMA1_Stream1_IRQHandler
                0x0800aa88                TIM3_IRQHandler
                0x0800aa88                RCC_IRQHandler
                0x0800aa88                Default_Handler
                0x0800aa88                EXTI15_10_IRQHandler
                0x0800aa88                ADC_IRQHandler
                0x0800aa88                DMA1_Stream7_IRQHandler
                0x0800aa88                SPI5_IRQHandler
                0x0800aa88                TIM5_IRQHandler
                0x0800aa88                DMA2_Stream7_IRQHandler
                0x0800aa88                I2C3_EV_IRQHandler
                0x0800aa88                EXTI9_5_IRQHandler
                0x0800aa88                RTC_WKUP_IRQHandler
                0x0800aa88                SPI2_IRQHandler
                0x0800aa88                DMA1_Stream0_IRQHandler
                0x0800aa88                EXTI4_IRQHandler
                0x0800aa88                WWDG_IRQHandler
                0x0800aa88                TIM2_IRQHandler
                0x0800aa88                OTG_FS_WKUP_IRQHandler
                0x0800aa88                TIM1_TRG_COM_TIM11_IRQHandler
                0x0800aa88                EXTI1_IRQHandler
                0x0800aa88                USART2_IRQHandler
                0x0800aa88                I2C2_ER_IRQHandler
                0x0800aa88                DMA2_Stream1_IRQHandler
                0x0800aa88                FLASH_IRQHandler
                0x0800aa88                DMA2_Stream4_IRQHandler
                0x0800aa88                USART1_IRQHandler
                0x0800aa88                OTG_FS_IRQHandler
                0x0800aa88                SPI3_IRQHandler
                0x0800aa88                DMA1_Stream4_IRQHandler
                0x0800aa88                I2C1_ER_IRQHandler
                0x0800aa88                DMA2_Stream6_IRQHandler
                0x0800aa88                DMA1_Stream3_IRQHandler
 *fill*         0x0800aa8a        0x2 
 .text.HAL_Init
                0x0800aa8c       0x44 ./Drivers/STM32F4xx_HAL_Driver/Src/stm32f4xx_hal.o
                0x0800aa8c                HAL_Init
 .text.HAL_InitTick
                0x0800aad0       0x60 ./Drivers/STM32F4xx_HAL_Driver/Src/stm32f4xx_hal.o
                0x0800aad0                HAL_InitTick
 .text.HAL_IncTick
                0x0800ab30       0x28 ./Drivers/STM32F4xx_HAL_Driver/Src/stm32f4xx_hal.o
                0x0800ab30                HAL_IncTick
 .text.HAL_GetTick
                0x0800ab58       0x18 ./Drivers/STM32F4xx_HAL_Driver/Src/stm32f4xx_hal.o
                0x0800ab58                HAL_GetTick
 .text.HAL_Delay
                0x0800ab70       0x48 ./Drivers/STM32F4xx_HAL_Driver/Src/stm32f4xx_hal.o
                0x0800ab70                HAL_Delay
 .text.__NVIC_SetPriorityGrouping
                0x0800abb8       0x48 ./Drivers/STM32F4xx_HAL_Driver/Src/stm32f4xx_hal_cortex.o
 .text.__NVIC_GetPriorityGrouping
                0x0800ac00       0x1c ./Drivers/STM32F4xx_HAL_Driver/Src/stm32f4xx_hal_cortex.o
 .text.__NVIC_SetPriority
                0x0800ac1c       0x54 ./Drivers/STM32F4xx_HAL_Driver/Src/stm32f4xx_hal_cortex.o
 .text.NVIC_EncodePriority
                0x0800ac70       0x66 ./Drivers/STM32F4xx_HAL_Driver/Src/stm32f4xx_hal_cortex.o
 *fill*         0x0800acd6        0x2 
 .text.SysTick_Config
                0x0800acd8       0x44 ./Drivers/STM32F4xx_HAL_Driver/Src/stm32f4xx_hal_cortex.o
 .text.HAL_NVIC_SetPriorityGrouping
                0x0800ad1c       0x16 ./Drivers/STM32F4xx_HAL_Driver/Src/stm32f4xx_hal_cortex.o
                0x0800ad1c                HAL_NVIC_SetPriorityGrouping
 .text.HAL_NVIC_SetPriority
                0x0800ad32       0x38 ./Drivers/STM32F4xx_HAL_Driver/Src/stm32f4xx_hal_cortex.o
                0x0800ad32                HAL_NVIC_SetPriority
 .text.HAL_SYSTICK_Config
                0x0800ad6a       0x18 ./Drivers/STM32F4xx_HAL_Driver/Src/stm32f4xx_hal_cortex.o
                0x0800ad6a                HAL_SYSTICK_Config
 *fill*         0x0800ad82        0x2 
 .text.HAL_GPIO_Init
                0x0800ad84      0x308 ./Drivers/STM32F4xx_HAL_Driver/Src/stm32f4xx_hal_gpio.o
                0x0800ad84                HAL_GPIO_Init
 .text.HAL_GPIO_WritePin
                0x0800b08c       0x32 ./Drivers/STM32F4xx_HAL_Driver/Src/stm32f4xx_hal_gpio.o
                0x0800b08c                HAL_GPIO_WritePin
 .text.HAL_GPIO_TogglePin
                0x0800b0be       0x34 ./Drivers/STM32F4xx_HAL_Driver/Src/stm32f4xx_hal_gpio.o
                0x0800b0be                HAL_GPIO_TogglePin
 .text.HAL_PCD_Init
                0x0800b0f2      0x21e ./Drivers/STM32F4xx_HAL_Driver/Src/stm32f4xx_hal_pcd.o
                0x0800b0f2                HAL_PCD_Init
 .text.HAL_RCC_OscConfig
                0x0800b310      0x4f0 ./Drivers/STM32F4xx_HAL_Driver/Src/stm32f4xx_hal_rcc.o
                0x0800b310                HAL_RCC_OscConfig
 .text.HAL_RCC_ClockConfig
                0x0800b800      0x1cc ./Drivers/STM32F4xx_HAL_Driver/Src/stm32f4xx_hal_rcc.o
                0x0800b800                HAL_RCC_ClockConfig
 .text.HAL_RCC_GetSysClockFreq
                0x0800b9cc      0x18c ./Drivers/STM32F4xx_HAL_Driver/Src/stm32f4xx_hal_rcc.o
                0x0800b9cc                HAL_RCC_GetSysClockFreq
 .text.HAL_SPI_Init
                0x0800bb58      0x112 ./Drivers/STM32F4xx_HAL_Driver/Src/stm32f4xx_hal_spi.o
                0x0800bb58                HAL_SPI_Init
 .text.HAL_SPI_Transmit
                0x0800bc6a      0x288 ./Drivers/STM32F4xx_HAL_Driver/Src/stm32f4xx_hal_spi.o
                0x0800bc6a                HAL_SPI_Transmit
 .text.HAL_SPI_Receive
                0x0800bef2      0x232 ./Drivers/STM32F4xx_HAL_Driver/Src/stm32f4xx_hal_spi.o
                0x0800bef2                HAL_SPI_Receive
 .text.HAL_SPI_TransmitReceive
                0x0800c124      0x352 ./Drivers/STM32F4xx_HAL_Driver/Src/stm32f4xx_hal_spi.o
                0x0800c124                HAL_SPI_TransmitReceive
 *fill*         0x0800c476        0x2 
 .text.SPI_WaitFlagStateUntilTimeout
                0x0800c478      0x110 ./Drivers/STM32F4xx_HAL_Driver/Src/stm32f4xx_hal_spi.o
 .text.SPI_EndRxTransaction
                0x0800c588       0xca ./Drivers/STM32F4xx_HAL_Driver/Src/stm32f4xx_hal_spi.o
 *fill*         0x0800c652        0x2 
 .text.SPI_EndRxTxTransaction
                0x0800c654       0xa8 ./Drivers/STM32F4xx_HAL_Driver/Src/stm32f4xx_hal_spi.o
 .text.USB_CoreInit
                0x0800c6fc       0xc8 ./Drivers/STM32F4xx_HAL_Driver/Src/stm32f4xx_ll_usb.o
                0x0800c6fc                USB_CoreInit
 .text.USB_DisableGlobalInt
                0x0800c7c4       0x22 ./Drivers/STM32F4xx_HAL_Driver/Src/stm32f4xx_ll_usb.o
                0x0800c7c4                USB_DisableGlobalInt
 .text.USB_SetCurrentMode
                0x0800c7e6       0x98 ./Drivers/STM32F4xx_HAL_Driver/Src/stm32f4xx_ll_usb.o
                0x0800c7e6                USB_SetCurrentMode
 *fill*         0x0800c87e        0x2 
 .text.USB_DevInit
                0x0800c880      0x2c8 ./Drivers/STM32F4xx_HAL_Driver/Src/stm32f4xx_ll_usb.o
                0x0800c880                USB_DevInit
 .text.USB_FlushTxFifo
                0x0800cb48       0x64 ./Drivers/STM32F4xx_HAL_Driver/Src/stm32f4xx_ll_usb.o
                0x0800cb48                USB_FlushTxFifo
 .text.USB_FlushRxFifo
                0x0800cbac       0x5c ./Drivers/STM32F4xx_HAL_Driver/Src/stm32f4xx_ll_usb.o
                0x0800cbac                USB_FlushRxFifo
 .text.USB_SetDevSpeed
                0x0800cc08       0x32 ./Drivers/STM32F4xx_HAL_Driver/Src/stm32f4xx_ll_usb.o
                0x0800cc08                USB_SetDevSpeed
 .text.USB_DevDisconnect
                0x0800cc3a       0x42 ./Drivers/STM32F4xx_HAL_Driver/Src/stm32f4xx_ll_usb.o
                0x0800cc3a                USB_DevDisconnect
 .text.USB_GetMode
                0x0800cc7c       0x1c ./Drivers/STM32F4xx_HAL_Driver/Src/stm32f4xx_ll_usb.o
                0x0800cc7c                USB_GetMode
 .text.USB_CoreReset
                0x0800cc98       0x70 ./Drivers/STM32F4xx_HAL_Driver/Src/stm32f4xx_ll_usb.o
 .text.__assert_func
                0x0800cd08       0x3c C:/ST/STM32CubeIDE_1.19.0/STM32CubeIDE/plugins/com.st.stm32cube.ide.mcu.externaltools.gnu-tools-for-stm32.13.3.rel1.win32_1.0.0.202411081344/tools/bin/../lib/gcc/arm-none-eabi/13.3.1/../../../../arm-none-eabi/lib/thumb/v7e-m+fp/hard\libc_nano.a(libc_a-assert.o)
                0x0800cd08                __assert_func
 .text.malloc   0x0800cd44       0x10 C:/ST/STM32CubeIDE_1.19.0/STM32CubeIDE/plugins/com.st.stm32cube.ide.mcu.externaltools.gnu-tools-for-stm32.13.3.rel1.win32_1.0.0.202411081344/tools/bin/../lib/gcc/arm-none-eabi/13.3.1/../../../../arm-none-eabi/lib/thumb/v7e-m+fp/hard\libc_nano.a(libc_a-malloc.o)
                0x0800cd44                malloc
 .text.free     0x0800cd54       0x10 C:/ST/STM32CubeIDE_1.19.0/STM32CubeIDE/plugins/com.st.stm32cube.ide.mcu.externaltools.gnu-tools-for-stm32.13.3.rel1.win32_1.0.0.202411081344/tools/bin/../lib/gcc/arm-none-eabi/13.3.1/../../../../arm-none-eabi/lib/thumb/v7e-m+fp/hard\libc_nano.a(libc_a-malloc.o)
                0x0800cd54                free
 .text.sbrk_aligned
                0x0800cd64       0x44 C:/ST/STM32CubeIDE_1.19.0/STM32CubeIDE/plugins/com.st.stm32cube.ide.mcu.externaltools.gnu-tools-for-stm32.13.3.rel1.win32_1.0.0.202411081344/tools/bin/../lib/gcc/arm-none-eabi/13.3.1/../../../../arm-none-eabi/lib/thumb/v7e-m+fp/hard\libc_nano.a(libc_a-mallocr.o)
 .text._malloc_r
                0x0800cda8      0x100 C:/ST/STM32CubeIDE_1.19.0/STM32CubeIDE/plugins/com.st.stm32cube.ide.mcu.externaltools.gnu-tools-for-stm32.13.3.rel1.win32_1.0.0.202411081344/tools/bin/../lib/gcc/arm-none-eabi/13.3.1/../../../../arm-none-eabi/lib/thumb/v7e-m+fp/hard\libc_nano.a(libc_a-mallocr.o)
                0x0800cda8                _malloc_r
 .text.__malloc_lock
                0x0800cea8        0xc C:/ST/STM32CubeIDE_1.19.0/STM32CubeIDE/plugins/com.st.stm32cube.ide.mcu.externaltools.gnu-tools-for-stm32.13.3.rel1.win32_1.0.0.202411081344/tools/bin/../lib/gcc/arm-none-eabi/13.3.1/../../../../arm-none-eabi/lib/thumb/v7e-m+fp/hard\libc_nano.a(libc_a-mlock.o)
                0x0800cea8                __malloc_lock
 .text.__malloc_unlock
                0x0800ceb4        0xc C:/ST/STM32CubeIDE_1.19.0/STM32CubeIDE/plugins/com.st.stm32cube.ide.mcu.externaltools.gnu-tools-for-stm32.13.3.rel1.win32_1.0.0.202411081344/tools/bin/../lib/gcc/arm-none-eabi/13.3.1/../../../../arm-none-eabi/lib/thumb/v7e-m+fp/hard\libc_nano.a(libc_a-mlock.o)
                0x0800ceb4                __malloc_unlock
 .text.std      0x0800cec0       0x6c C:/ST/STM32CubeIDE_1.19.0/STM32CubeIDE/plugins/com.st.stm32cube.ide.mcu.externaltools.gnu-tools-for-stm32.13.3.rel1.win32_1.0.0.202411081344/tools/bin/../lib/gcc/arm-none-eabi/13.3.1/../../../../arm-none-eabi/lib/thumb/v7e-m+fp/hard\libc_nano.a(libc_a-findfp.o)
 .text.stdio_exit_handler
                0x0800cf2c       0x18 C:/ST/STM32CubeIDE_1.19.0/STM32CubeIDE/plugins/com.st.stm32cube.ide.mcu.externaltools.gnu-tools-for-stm32.13.3.rel1.win32_1.0.0.202411081344/tools/bin/../lib/gcc/arm-none-eabi/13.3.1/../../../../arm-none-eabi/lib/thumb/v7e-m+fp/hard\libc_nano.a(libc_a-findfp.o)
 .text.cleanup_stdio
                0x0800cf44       0x40 C:/ST/STM32CubeIDE_1.19.0/STM32CubeIDE/plugins/com.st.stm32cube.ide.mcu.externaltools.gnu-tools-for-stm32.13.3.rel1.win32_1.0.0.202411081344/tools/bin/../lib/gcc/arm-none-eabi/13.3.1/../../../../arm-none-eabi/lib/thumb/v7e-m+fp/hard\libc_nano.a(libc_a-findfp.o)
 .text.global_stdio_init.part.0
                0x0800cf84       0x3c C:/ST/STM32CubeIDE_1.19.0/STM32CubeIDE/plugins/com.st.stm32cube.ide.mcu.externaltools.gnu-tools-for-stm32.13.3.rel1.win32_1.0.0.202411081344/tools/bin/../lib/gcc/arm-none-eabi/13.3.1/../../../../arm-none-eabi/lib/thumb/v7e-m+fp/hard\libc_nano.a(libc_a-findfp.o)
 .text.__sfp_lock_acquire
                0x0800cfc0        0xc C:/ST/STM32CubeIDE_1.19.0/STM32CubeIDE/plugins/com.st.stm32cube.ide.mcu.externaltools.gnu-tools-for-stm32.13.3.rel1.win32_1.0.0.202411081344/tools/bin/../lib/gcc/arm-none-eabi/13.3.1/../../../../arm-none-eabi/lib/thumb/v7e-m+fp/hard\libc_nano.a(libc_a-findfp.o)
                0x0800cfc0                __sfp_lock_acquire
 .text.__sfp_lock_release
                0x0800cfcc        0xc C:/ST/STM32CubeIDE_1.19.0/STM32CubeIDE/plugins/com.st.stm32cube.ide.mcu.externaltools.gnu-tools-for-stm32.13.3.rel1.win32_1.0.0.202411081344/tools/bin/../lib/gcc/arm-none-eabi/13.3.1/../../../../arm-none-eabi/lib/thumb/v7e-m+fp/hard\libc_nano.a(libc_a-findfp.o)
                0x0800cfcc                __sfp_lock_release
 .text.__sinit  0x0800cfd8       0x30 C:/ST/STM32CubeIDE_1.19.0/STM32CubeIDE/plugins/com.st.stm32cube.ide.mcu.externaltools.gnu-tools-for-stm32.13.3.rel1.win32_1.0.0.202411081344/tools/bin/../lib/gcc/arm-none-eabi/13.3.1/../../../../arm-none-eabi/lib/thumb/v7e-m+fp/hard\libc_nano.a(libc_a-findfp.o)
                0x0800cfd8                __sinit
 .text.fprintf  0x0800d008       0x24 C:/ST/STM32CubeIDE_1.19.0/STM32CubeIDE/plugins/com.st.stm32cube.ide.mcu.externaltools.gnu-tools-for-stm32.13.3.rel1.win32_1.0.0.202411081344/tools/bin/../lib/gcc/arm-none-eabi/13.3.1/../../../../arm-none-eabi/lib/thumb/v7e-m+fp/hard\libc_nano.a(libc_a-fprintf.o)
                0x0800d008                fiprintf
                0x0800d008                fprintf
 .text._fwalk_sglue
                0x0800d02c       0x3c C:/ST/STM32CubeIDE_1.19.0/STM32CubeIDE/plugins/com.st.stm32cube.ide.mcu.externaltools.gnu-tools-for-stm32.13.3.rel1.win32_1.0.0.202411081344/tools/bin/../lib/gcc/arm-none-eabi/13.3.1/../../../../arm-none-eabi/lib/thumb/v7e-m+fp/hard\libc_nano.a(libc_a-fwalk.o)
                0x0800d02c                _fwalk_sglue
 .text.printf   0x0800d068       0x24 C:/ST/STM32CubeIDE_1.19.0/STM32CubeIDE/plugins/com.st.stm32cube.ide.mcu.externaltools.gnu-tools-for-stm32.13.3.rel1.win32_1.0.0.202411081344/tools/bin/../lib/gcc/arm-none-eabi/13.3.1/../../../../arm-none-eabi/lib/thumb/v7e-m+fp/hard\libc_nano.a(libc_a-printf.o)
                0x0800d068                iprintf
                0x0800d068                printf
 .text.__sread  0x0800d08c       0x22 C:/ST/STM32CubeIDE_1.19.0/STM32CubeIDE/plugins/com.st.stm32cube.ide.mcu.externaltools.gnu-tools-for-stm32.13.3.rel1.win32_1.0.0.202411081344/tools/bin/../lib/gcc/arm-none-eabi/13.3.1/../../../../arm-none-eabi/lib/thumb/v7e-m+fp/hard\libc_nano.a(libc_a-stdio.o)
                0x0800d08c                __sread
 .text.__swrite
                0x0800d0ae       0x38 C:/ST/STM32CubeIDE_1.19.0/STM32CubeIDE/plugins/com.st.stm32cube.ide.mcu.externaltools.gnu-tools-for-stm32.13.3.rel1.win32_1.0.0.202411081344/tools/bin/../lib/gcc/arm-none-eabi/13.3.1/../../../../arm-none-eabi/lib/thumb/v7e-m+fp/hard\libc_nano.a(libc_a-stdio.o)
                0x0800d0ae                __swrite
 .text.__sseek  0x0800d0e6       0x24 C:/ST/STM32CubeIDE_1.19.0/STM32CubeIDE/plugins/com.st.stm32cube.ide.mcu.externaltools.gnu-tools-for-stm32.13.3.rel1.win32_1.0.0.202411081344/tools/bin/../lib/gcc/arm-none-eabi/13.3.1/../../../../arm-none-eabi/lib/thumb/v7e-m+fp/hard\libc_nano.a(libc_a-stdio.o)
                0x0800d0e6                __sseek
 .text.__sclose
                0x0800d10a        0x8 C:/ST/STM32CubeIDE_1.19.0/STM32CubeIDE/plugins/com.st.stm32cube.ide.mcu.externaltools.gnu-tools-for-stm32.13.3.rel1.win32_1.0.0.202411081344/tools/bin/../lib/gcc/arm-none-eabi/13.3.1/../../../../arm-none-eabi/lib/thumb/v7e-m+fp/hard\libc_nano.a(libc_a-stdio.o)
                0x0800d10a                __sclose
 .text.memcmp   0x0800d112       0x20 C:/ST/STM32CubeIDE_1.19.0/STM32CubeIDE/plugins/com.st.stm32cube.ide.mcu.externaltools.gnu-tools-for-stm32.13.3.rel1.win32_1.0.0.202411081344/tools/bin/../lib/gcc/arm-none-eabi/13.3.1/../../../../arm-none-eabi/lib/thumb/v7e-m+fp/hard\libc_nano.a(libc_a-memcmp.o)
                0x0800d112                memcmp
 .text.memset   0x0800d132       0x10 C:/ST/STM32CubeIDE_1.19.0/STM32CubeIDE/plugins/com.st.stm32cube.ide.mcu.externaltools.gnu-tools-for-stm32.13.3.rel1.win32_1.0.0.202411081344/tools/bin/../lib/gcc/arm-none-eabi/13.3.1/../../../../arm-none-eabi/lib/thumb/v7e-m+fp/hard\libc_nano.a(libc_a-memset.o)
                0x0800d132                memset
 .text.strcspn  0x0800d142       0x22 C:/ST/STM32CubeIDE_1.19.0/STM32CubeIDE/plugins/com.st.stm32cube.ide.mcu.externaltools.gnu-tools-for-stm32.13.3.rel1.win32_1.0.0.202411081344/tools/bin/../lib/gcc/arm-none-eabi/13.3.1/../../../../arm-none-eabi/lib/thumb/v7e-m+fp/hard\libc_nano.a(libc_a-strcspn.o)
                0x0800d142                strcspn
 .text.strspn   0x0800d164       0x20 C:/ST/STM32CubeIDE_1.19.0/STM32CubeIDE/plugins/com.st.stm32cube.ide.mcu.externaltools.gnu-tools-for-stm32.13.3.rel1.win32_1.0.0.202411081344/tools/bin/../lib/gcc/arm-none-eabi/13.3.1/../../../../arm-none-eabi/lib/thumb/v7e-m+fp/hard\libc_nano.a(libc_a-strspn.o)
                0x0800d164                strspn
 .text._close_r
                0x0800d184       0x20 C:/ST/STM32CubeIDE_1.19.0/STM32CubeIDE/plugins/com.st.stm32cube.ide.mcu.externaltools.gnu-tools-for-stm32.13.3.rel1.win32_1.0.0.202411081344/tools/bin/../lib/gcc/arm-none-eabi/13.3.1/../../../../arm-none-eabi/lib/thumb/v7e-m+fp/hard\libc_nano.a(libc_a-closer.o)
                0x0800d184                _close_r
 .text._lseek_r
                0x0800d1a4       0x24 C:/ST/STM32CubeIDE_1.19.0/STM32CubeIDE/plugins/com.st.stm32cube.ide.mcu.externaltools.gnu-tools-for-stm32.13.3.rel1.win32_1.0.0.202411081344/tools/bin/../lib/gcc/arm-none-eabi/13.3.1/../../../../arm-none-eabi/lib/thumb/v7e-m+fp/hard\libc_nano.a(libc_a-lseekr.o)
                0x0800d1a4                _lseek_r
 .text._read_r  0x0800d1c8       0x24 C:/ST/STM32CubeIDE_1.19.0/STM32CubeIDE/plugins/com.st.stm32cube.ide.mcu.externaltools.gnu-tools-for-stm32.13.3.rel1.win32_1.0.0.202411081344/tools/bin/../lib/gcc/arm-none-eabi/13.3.1/../../../../arm-none-eabi/lib/thumb/v7e-m+fp/hard\libc_nano.a(libc_a-readr.o)
                0x0800d1c8                _read_r
 .text._sbrk_r  0x0800d1ec       0x20 C:/ST/STM32CubeIDE_1.19.0/STM32CubeIDE/plugins/com.st.stm32cube.ide.mcu.externaltools.gnu-tools-for-stm32.13.3.rel1.win32_1.0.0.202411081344/tools/bin/../lib/gcc/arm-none-eabi/13.3.1/../../../../arm-none-eabi/lib/thumb/v7e-m+fp/hard\libc_nano.a(libc_a-sbrkr.o)
                0x0800d1ec                _sbrk_r
 .text._write_r
                0x0800d20c       0x24 C:/ST/STM32CubeIDE_1.19.0/STM32CubeIDE/plugins/com.st.stm32cube.ide.mcu.externaltools.gnu-tools-for-stm32.13.3.rel1.win32_1.0.0.202411081344/tools/bin/../lib/gcc/arm-none-eabi/13.3.1/../../../../arm-none-eabi/lib/thumb/v7e-m+fp/hard\libc_nano.a(libc_a-writer.o)
                0x0800d20c                _write_r
 .text.__errno  0x0800d230        0xc C:/ST/STM32CubeIDE_1.19.0/STM32CubeIDE/plugins/com.st.stm32cube.ide.mcu.externaltools.gnu-tools-for-stm32.13.3.rel1.win32_1.0.0.202411081344/tools/bin/../lib/gcc/arm-none-eabi/13.3.1/../../../../arm-none-eabi/lib/thumb/v7e-m+fp/hard\libc_nano.a(libc_a-errno.o)
                0x0800d230                __errno
 .text.__libc_init_array
                0x0800d23c       0x48 C:/ST/STM32CubeIDE_1.19.0/STM32CubeIDE/plugins/com.st.stm32cube.ide.mcu.externaltools.gnu-tools-for-stm32.13.3.rel1.win32_1.0.0.202411081344/tools/bin/../lib/gcc/arm-none-eabi/13.3.1/../../../../arm-none-eabi/lib/thumb/v7e-m+fp/hard\libc_nano.a(libc_a-init.o)
                0x0800d23c                __libc_init_array
 .text.__retarget_lock_init_recursive
                0x0800d284        0x2 C:/ST/STM32CubeIDE_1.19.0/STM32CubeIDE/plugins/com.st.stm32cube.ide.mcu.externaltools.gnu-tools-for-stm32.13.3.rel1.win32_1.0.0.202411081344/tools/bin/../lib/gcc/arm-none-eabi/13.3.1/../../../../arm-none-eabi/lib/thumb/v7e-m+fp/hard\libc_nano.a(libc_a-lock.o)
                0x0800d284                __retarget_lock_init_recursive
 .text.__retarget_lock_acquire_recursive
                0x0800d286        0x2 C:/ST/STM32CubeIDE_1.19.0/STM32CubeIDE/plugins/com.st.stm32cube.ide.mcu.externaltools.gnu-tools-for-stm32.13.3.rel1.win32_1.0.0.202411081344/tools/bin/../lib/gcc/arm-none-eabi/13.3.1/../../../../arm-none-eabi/lib/thumb/v7e-m+fp/hard\libc_nano.a(libc_a-lock.o)
                0x0800d286                __retarget_lock_acquire_recursive
 .text.__retarget_lock_release_recursive
                0x0800d288        0x2 C:/ST/STM32CubeIDE_1.19.0/STM32CubeIDE/plugins/com.st.stm32cube.ide.mcu.externaltools.gnu-tools-for-stm32.13.3.rel1.win32_1.0.0.202411081344/tools/bin/../lib/gcc/arm-none-eabi/13.3.1/../../../../arm-none-eabi/lib/thumb/v7e-m+fp/hard\libc_nano.a(libc_a-lock.o)
                0x0800d288                __retarget_lock_release_recursive
 .text.memcpy   0x0800d28a       0x1c C:/ST/STM32CubeIDE_1.19.0/STM32CubeIDE/plugins/com.st.stm32cube.ide.mcu.externaltools.gnu-tools-for-stm32.13.3.rel1.win32_1.0.0.202411081344/tools/bin/../lib/gcc/arm-none-eabi/13.3.1/../../../../arm-none-eabi/lib/thumb/v7e-m+fp/hard\libc_nano.a(libc_a-memcpy-stub.o)
                0x0800d28a                memcpy
 .text.abort    0x0800d2a6        0xe C:/ST/STM32CubeIDE_1.19.0/STM32CubeIDE/plugins/com.st.stm32cube.ide.mcu.externaltools.gnu-tools-for-stm32.13.3.rel1.win32_1.0.0.202411081344/tools/bin/../lib/gcc/arm-none-eabi/13.3.1/../../../../arm-none-eabi/lib/thumb/v7e-m+fp/hard\libc_nano.a(libc_a-abort.o)
                0x0800d2a6                abort
 .text._free_r  0x0800d2b4       0x94 C:/ST/STM32CubeIDE_1.19.0/STM32CubeIDE/plugins/com.st.stm32cube.ide.mcu.externaltools.gnu-tools-for-stm32.13.3.rel1.win32_1.0.0.202411081344/tools/bin/../lib/gcc/arm-none-eabi/13.3.1/../../../../arm-none-eabi/lib/thumb/v7e-m+fp/hard\libc_nano.a(libc_a-freer.o)
                0x0800d2b4                _free_r
 .text.__sfputc_r
                0x0800d348       0x2e C:/ST/STM32CubeIDE_1.19.0/STM32CubeIDE/plugins/com.st.stm32cube.ide.mcu.externaltools.gnu-tools-for-stm32.13.3.rel1.win32_1.0.0.202411081344/tools/bin/../lib/gcc/arm-none-eabi/13.3.1/../../../../arm-none-eabi/lib/thumb/v7e-m+fp/hard\libc_nano.a(libc_a-nano-vfprintf.o)
 .text.__sfputs_r
                0x0800d376       0x24 C:/ST/STM32CubeIDE_1.19.0/STM32CubeIDE/plugins/com.st.stm32cube.ide.mcu.externaltools.gnu-tools-for-stm32.13.3.rel1.win32_1.0.0.202411081344/tools/bin/../lib/gcc/arm-none-eabi/13.3.1/../../../../arm-none-eabi/lib/thumb/v7e-m+fp/hard\libc_nano.a(libc_a-nano-vfprintf.o)
                0x0800d376                __sfputs_r
 *fill*         0x0800d39a        0x2 
 .text._vfprintf_r
                0x0800d39c      0x230 C:/ST/STM32CubeIDE_1.19.0/STM32CubeIDE/plugins/com.st.stm32cube.ide.mcu.externaltools.gnu-tools-for-stm32.13.3.rel1.win32_1.0.0.202411081344/tools/bin/../lib/gcc/arm-none-eabi/13.3.1/../../../../arm-none-eabi/lib/thumb/v7e-m+fp/hard\libc_nano.a(libc_a-nano-vfprintf.o)
                0x0800d39c                _vfprintf_r
                0x0800d39c                _vfiprintf_r
 .text._printf_common
                0x0800d5cc       0xda C:/ST/STM32CubeIDE_1.19.0/STM32CubeIDE/plugins/com.st.stm32cube.ide.mcu.externaltools.gnu-tools-for-stm32.13.3.rel1.win32_1.0.0.202411081344/tools/bin/../lib/gcc/arm-none-eabi/13.3.1/../../../../arm-none-eabi/lib/thumb/v7e-m+fp/hard\libc_nano.a(libc_a-nano-vfprintf_i.o)
                0x0800d5cc                _printf_common
 *fill*         0x0800d6a6        0x2 
 .text._printf_i
                0x0800d6a8      0x23c C:/ST/STM32CubeIDE_1.19.0/STM32CubeIDE/plugins/com.st.stm32cube.ide.mcu.externaltools.gnu-tools-for-stm32.13.3.rel1.win32_1.0.0.202411081344/tools/bin/../lib/gcc/arm-none-eabi/13.3.1/../../../../arm-none-eabi/lib/thumb/v7e-m+fp/hard\libc_nano.a(libc_a-nano-vfprintf_i.o)
                0x0800d6a8                _printf_i
 .text.__sflush_r
                0x0800d8e4      0x108 C:/ST/STM32CubeIDE_1.19.0/STM32CubeIDE/plugins/com.st.stm32cube.ide.mcu.externaltools.gnu-tools-for-stm32.13.3.rel1.win32_1.0.0.202411081344/tools/bin/../lib/gcc/arm-none-eabi/13.3.1/../../../../arm-none-eabi/lib/thumb/v7e-m+fp/hard\libc_nano.a(libc_a-fflush.o)
                0x0800d8e4                __sflush_r
 .text._fflush_r
                0x0800d9ec       0x50 C:/ST/STM32CubeIDE_1.19.0/STM32CubeIDE/plugins/com.st.stm32cube.ide.mcu.externaltools.gnu-tools-for-stm32.13.3.rel1.win32_1.0.0.202411081344/tools/bin/../lib/gcc/arm-none-eabi/13.3.1/../../../../arm-none-eabi/lib/thumb/v7e-m+fp/hard\libc_nano.a(libc_a-fflush.o)
                0x0800d9ec                _fflush_r
 .text.__swbuf_r
                0x0800da3c       0x7c C:/ST/STM32CubeIDE_1.19.0/STM32CubeIDE/plugins/com.st.stm32cube.ide.mcu.externaltools.gnu-tools-for-stm32.13.3.rel1.win32_1.0.0.202411081344/tools/bin/../lib/gcc/arm-none-eabi/13.3.1/../../../../arm-none-eabi/lib/thumb/v7e-m+fp/hard\libc_nano.a(libc_a-wbuf.o)
                0x0800da3c                __swbuf_r
 .text.__swsetup_r
                0x0800dab8       0xac C:/ST/STM32CubeIDE_1.19.0/STM32CubeIDE/plugins/com.st.stm32cube.ide.mcu.externaltools.gnu-tools-for-stm32.13.3.rel1.win32_1.0.0.202411081344/tools/bin/../lib/gcc/arm-none-eabi/13.3.1/../../../../arm-none-eabi/lib/thumb/v7e-m+fp/hard\libc_nano.a(libc_a-wsetup.o)
                0x0800dab8                __swsetup_r
 .text._raise_r
                0x0800db64       0x50 C:/ST/STM32CubeIDE_1.19.0/STM32CubeIDE/plugins/com.st.stm32cube.ide.mcu.externaltools.gnu-tools-for-stm32.13.3.rel1.win32_1.0.0.202411081344/tools/bin/../lib/gcc/arm-none-eabi/13.3.1/../../../../arm-none-eabi/lib/thumb/v7e-m+fp/hard\libc_nano.a(libc_a-signal.o)
                0x0800db64                _raise_r
 .text.raise    0x0800dbb4       0x10 C:/ST/STM32CubeIDE_1.19.0/STM32CubeIDE/plugins/com.st.stm32cube.ide.mcu.externaltools.gnu-tools-for-stm32.13.3.rel1.win32_1.0.0.202411081344/tools/bin/../lib/gcc/arm-none-eabi/13.3.1/../../../../arm-none-eabi/lib/thumb/v7e-m+fp/hard\libc_nano.a(libc_a-signal.o)
                0x0800dbb4                raise
 .text._kill_r  0x0800dbc4       0x24 C:/ST/STM32CubeIDE_1.19.0/STM32CubeIDE/plugins/com.st.stm32cube.ide.mcu.externaltools.gnu-tools-for-stm32.13.3.rel1.win32_1.0.0.202411081344/tools/bin/../lib/gcc/arm-none-eabi/13.3.1/../../../../arm-none-eabi/lib/thumb/v7e-m+fp/hard\libc_nano.a(libc_a-signalr.o)
                0x0800dbc4                _kill_r
 .text._getpid_r
                0x0800dbe8        0x4 C:/ST/STM32CubeIDE_1.19.0/STM32CubeIDE/plugins/com.st.stm32cube.ide.mcu.externaltools.gnu-tools-for-stm32.13.3.rel1.win32_1.0.0.202411081344/tools/bin/../lib/gcc/arm-none-eabi/13.3.1/../../../../arm-none-eabi/lib/thumb/v7e-m+fp/hard\libc_nano.a(libc_a-signalr.o)
                0x0800dbe8                _getpid_r
 .text.__swhatbuf_r
                0x0800dbec       0x4c C:/ST/STM32CubeIDE_1.19.0/STM32CubeIDE/plugins/com.st.stm32cube.ide.mcu.externaltools.gnu-tools-for-stm32.13.3.rel1.win32_1.0.0.202411081344/tools/bin/../lib/gcc/arm-none-eabi/13.3.1/../../../../arm-none-eabi/lib/thumb/v7e-m+fp/hard\libc_nano.a(libc_a-makebuf.o)
                0x0800dbec                __swhatbuf_r
 .text.__smakebuf_r
                0x0800dc38       0x78 C:/ST/STM32CubeIDE_1.19.0/STM32CubeIDE/plugins/com.st.stm32cube.ide.mcu.externaltools.gnu-tools-for-stm32.13.3.rel1.win32_1.0.0.202411081344/tools/bin/../lib/gcc/arm-none-eabi/13.3.1/../../../../arm-none-eabi/lib/thumb/v7e-m+fp/hard\libc_nano.a(libc_a-makebuf.o)
                0x0800dc38                __smakebuf_r
 .text._fstat_r
                0x0800dcb0       0x24 C:/ST/STM32CubeIDE_1.19.0/STM32CubeIDE/plugins/com.st.stm32cube.ide.mcu.externaltools.gnu-tools-for-stm32.13.3.rel1.win32_1.0.0.202411081344/tools/bin/../lib/gcc/arm-none-eabi/13.3.1/../../../../arm-none-eabi/lib/thumb/v7e-m+fp/hard\libc_nano.a(libc_a-fstatr.o)
                0x0800dcb0                _fstat_r
 .text._isatty_r
                0x0800dcd4       0x20 C:/ST/STM32CubeIDE_1.19.0/STM32CubeIDE/plugins/com.st.stm32cube.ide.mcu.externaltools.gnu-tools-for-stm32.13.3.rel1.win32_1.0.0.202411081344/tools/bin/../lib/gcc/arm-none-eabi/13.3.1/../../../../arm-none-eabi/lib/thumb/v7e-m+fp/hard\libc_nano.a(libc_a-isattyr.o)
                0x0800dcd4                _isatty_r
 .text.pow      0x0800dcf4       0xe0 C:/ST/STM32CubeIDE_1.19.0/STM32CubeIDE/plugins/com.st.stm32cube.ide.mcu.externaltools.gnu-tools-for-stm32.13.3.rel1.win32_1.0.0.202411081344/tools/bin/../lib/gcc/arm-none-eabi/13.3.1/../../../../arm-none-eabi/lib/thumb/v7e-m+fp/hard\libm.a(libm_a-w_pow.o)
                0x0800dcf4                pow
 .text.finite   0x0800ddd4       0x16 C:/ST/STM32CubeIDE_1.19.0/STM32CubeIDE/plugins/com.st.stm32cube.ide.mcu.externaltools.gnu-tools-for-stm32.13.3.rel1.win32_1.0.0.202411081344/tools/bin/../lib/gcc/arm-none-eabi/13.3.1/../../../../arm-none-eabi/lib/thumb/v7e-m+fp/hard\libm.a(libm_a-s_finite.o)
                0x0800ddd4                finite
 *fill*         0x0800ddea        0x6 
 .text.ceil     0x0800ddf0       0xf8 C:/ST/STM32CubeIDE_1.19.0/STM32CubeIDE/plugins/com.st.stm32cube.ide.mcu.externaltools.gnu-tools-for-stm32.13.3.rel1.win32_1.0.0.202411081344/tools/bin/../lib/gcc/arm-none-eabi/13.3.1/../../../../arm-none-eabi/lib/thumb/v7e-m+fp/hard\libm.a(libm_a-s_ceil.o)
                0x0800ddf0                ceil
 .text.__ieee754_pow
                0x0800dee8      0xa94 C:/ST/STM32CubeIDE_1.19.0/STM32CubeIDE/plugins/com.st.stm32cube.ide.mcu.externaltools.gnu-tools-for-stm32.13.3.rel1.win32_1.0.0.202411081344/tools/bin/../lib/gcc/arm-none-eabi/13.3.1/../../../../arm-none-eabi/lib/thumb/v7e-m+fp/hard\libm.a(libm_a-e_pow.o)
                0x0800dee8                __ieee754_pow
 .text.fabs     0x0800e97c       0x10 C:/ST/STM32CubeIDE_1.19.0/STM32CubeIDE/plugins/com.st.stm32cube.ide.mcu.externaltools.gnu-tools-for-stm32.13.3.rel1.win32_1.0.0.202411081344/tools/bin/../lib/gcc/arm-none-eabi/13.3.1/../../../../arm-none-eabi/lib/thumb/v7e-m+fp/hard\libm.a(libm_a-s_fabs.o)
                0x0800e97c                fabs
 *fill*         0x0800e98c        0x4 
 .text.scalbn   0x0800e990       0xf4 C:/ST/STM32CubeIDE_1.19.0/STM32CubeIDE/plugins/com.st.stm32cube.ide.mcu.externaltools.gnu-tools-for-stm32.13.3.rel1.win32_1.0.0.202411081344/tools/bin/../lib/gcc/arm-none-eabi/13.3.1/../../../../arm-none-eabi/lib/thumb/v7e-m+fp/hard\libm.a(libm_a-s_scalbn.o)
                0x0800e990                scalbn
 .text.with_errno
                0x0800ea84       0x24 C:/ST/STM32CubeIDE_1.19.0/STM32CubeIDE/plugins/com.st.stm32cube.ide.mcu.externaltools.gnu-tools-for-stm32.13.3.rel1.win32_1.0.0.202411081344/tools/bin/../lib/gcc/arm-none-eabi/13.3.1/../../../../arm-none-eabi/lib/thumb/v7e-m+fp/hard\libm.a(libm_a-math_err.o)
 .text.xflow    0x0800eaa8       0x32 C:/ST/STM32CubeIDE_1.19.0/STM32CubeIDE/plugins/com.st.stm32cube.ide.mcu.externaltools.gnu-tools-for-stm32.13.3.rel1.win32_1.0.0.202411081344/tools/bin/../lib/gcc/arm-none-eabi/13.3.1/../../../../arm-none-eabi/lib/thumb/v7e-m+fp/hard\libm.a(libm_a-math_err.o)
 *fill*         0x0800eada        0x6 
 .text.__math_uflow
                0x0800eae0       0x10 C:/ST/STM32CubeIDE_1.19.0/STM32CubeIDE/plugins/com.st.stm32cube.ide.mcu.externaltools.gnu-tools-for-stm32.13.3.rel1.win32_1.0.0.202411081344/tools/bin/../lib/gcc/arm-none-eabi/13.3.1/../../../../arm-none-eabi/lib/thumb/v7e-m+fp/hard\libm.a(libm_a-math_err.o)
                0x0800eae0                __math_uflow
 .text.__math_oflow
                0x0800eaf0       0x10 C:/ST/STM32CubeIDE_1.19.0/STM32CubeIDE/plugins/com.st.stm32cube.ide.mcu.externaltools.gnu-tools-for-stm32.13.3.rel1.win32_1.0.0.202411081344/tools/bin/../lib/gcc/arm-none-eabi/13.3.1/../../../../arm-none-eabi/lib/thumb/v7e-m+fp/hard\libm.a(libm_a-math_err.o)
                0x0800eaf0                __math_oflow
 .text.__ieee754_sqrt
                0x0800eb00      0x1ac C:/ST/STM32CubeIDE_1.19.0/STM32CubeIDE/plugins/com.st.stm32cube.ide.mcu.externaltools.gnu-tools-for-stm32.13.3.rel1.win32_1.0.0.202411081344/tools/bin/../lib/gcc/arm-none-eabi/13.3.1/../../../../arm-none-eabi/lib/thumb/v7e-m+fp/hard\libm.a(libm_a-e_sqrt.o)
                0x0800eb00                __ieee754_sqrt
 *(.glue_7)
 .glue_7        0x0800ecac        0x0 linker stubs
 *(.glue_7t)
 .glue_7t       0x0800ecac        0x0 linker stubs
 *(.eh_frame)
 .eh_frame      0x0800ecac        0x0 C:/ST/STM32CubeIDE_1.19.0/STM32CubeIDE/plugins/com.st.stm32cube.ide.mcu.externaltools.gnu-tools-for-stm32.13.3.rel1.win32_1.0.0.202411081344/tools/bin/../lib/gcc/arm-none-eabi/13.3.1/thumb/v7e-m+fp/hard/crtbegin.o
 *(.init)
 .init          0x0800ecac        0x4 C:/ST/STM32CubeIDE_1.19.0/STM32CubeIDE/plugins/com.st.stm32cube.ide.mcu.externaltools.gnu-tools-for-stm32.13.3.rel1.win32_1.0.0.202411081344/tools/bin/../lib/gcc/arm-none-eabi/13.3.1/thumb/v7e-m+fp/hard/crti.o
                0x0800ecac                _init
 .init          0x0800ecb0        0x8 C:/ST/STM32CubeIDE_1.19.0/STM32CubeIDE/plugins/com.st.stm32cube.ide.mcu.externaltools.gnu-tools-for-stm32.13.3.rel1.win32_1.0.0.202411081344/tools/bin/../lib/gcc/arm-none-eabi/13.3.1/thumb/v7e-m+fp/hard/crtn.o
 *(.fini)
 .fini          0x0800ecb8        0x4 C:/ST/STM32CubeIDE_1.19.0/STM32CubeIDE/plugins/com.st.stm32cube.ide.mcu.externaltools.gnu-tools-for-stm32.13.3.rel1.win32_1.0.0.202411081344/tools/bin/../lib/gcc/arm-none-eabi/13.3.1/thumb/v7e-m+fp/hard/crti.o
                0x0800ecb8                _fini
 .fini          0x0800ecbc        0x8 C:/ST/STM32CubeIDE_1.19.0/STM32CubeIDE/plugins/com.st.stm32cube.ide.mcu.externaltools.gnu-tools-for-stm32.13.3.rel1.win32_1.0.0.202411081344/tools/bin/../lib/gcc/arm-none-eabi/13.3.1/thumb/v7e-m+fp/hard/crtn.o
                0x0800ecc4                        . = ALIGN (0x4)
                0x0800ecc4                        _etext = .

.vfp11_veneer   0x0800ecc4        0x0
 .vfp11_veneer  0x0800ecc4        0x0 linker stubs

.v4_bx          0x0800ecc4        0x0
 .v4_bx         0x0800ecc4        0x0 linker stubs

.iplt           0x0800ecc4        0x0
 .iplt          0x0800ecc4        0x0 C:/ST/STM32CubeIDE_1.19.0/STM32CubeIDE/plugins/com.st.stm32cube.ide.mcu.externaltools.gnu-tools-for-stm32.13.3.rel1.win32_1.0.0.202411081344/tools/bin/../lib/gcc/arm-none-eabi/13.3.1/thumb/v7e-m+fp/hard/crtbegin.o

.rodata         0x0800ecc8     0x2840
                0x0800ecc8                        . = ALIGN (0x4)
 *(.rodata)
 .rodata        0x0800ecc8        0x3 ./Core/Src/lfs_port.o
 *fill*         0x0800eccb        0x1 
 .rodata        0x0800eccc       0x18 ./Core/Src/main.o
 .rodata        0x0800ece4      0xdde ./Core/Src/littlefs/lfs.o
 *(.rodata*)
 *fill*         0x0800fac2        0x2 
 .rodata.bmi08x_config_file
                0x0800fac4     0x1800 ./Core/Src/bmi08xa.o
                0x0800fac4                bmi08x_config_file
 .rodata.AHBPrescTable
                0x080112c4       0x10 ./Core/Src/system_stm32f4xx.o
                0x080112c4                AHBPrescTable
 .rodata.__func__.28
                0x080112d4        0xc ./Core/Src/littlefs/lfs.o
 .rodata.__func__.27
                0x080112e0        0xd ./Core/Src/littlefs/lfs.o
 *fill*         0x080112ed        0x3 
 .rodata.__func__.26
                0x080112f0        0xc ./Core/Src/littlefs/lfs.o
 .rodata.__func__.25
                0x080112fc        0xc ./Core/Src/littlefs/lfs.o
 .rodata.__func__.24
                0x08011308        0xd ./Core/Src/littlefs/lfs.o
 *fill*         0x08011315        0x3 
 .rodata.__func__.23
                0x08011318       0x11 ./Core/Src/littlefs/lfs.o
 *fill*         0x08011329        0x3 
 .rodata.__func__.22
                0x0801132c       0x10 ./Core/Src/littlefs/lfs.o
 .rodata.__func__.21
                0x0801133c       0x19 ./Core/Src/littlefs/lfs.o
 *fill*         0x08011355        0x3 
 .rodata.__func__.20
                0x08011358       0x18 ./Core/Src/littlefs/lfs.o
 .rodata.defaults.19
                0x08011370        0xc ./Core/Src/littlefs/lfs.o
 .rodata.__func__.18
                0x0801137c        0xf ./Core/Src/littlefs/lfs.o
 *fill*         0x0801138b        0x1 
 .rodata.__func__.17
                0x0801138c       0x10 ./Core/Src/littlefs/lfs.o
 .rodata.__func__.15
                0x0801139c        0x9 ./Core/Src/littlefs/lfs.o
 *fill*         0x080113a5        0x3 
 .rodata.__func__.14
                0x080113a8        0xc ./Core/Src/littlefs/lfs.o
 .rodata.__func__.13
                0x080113b4       0x13 ./Core/Src/littlefs/lfs.o
 *fill*         0x080113c7        0x1 
 .rodata.__func__.12
                0x080113c8        0xe ./Core/Src/littlefs/lfs.o
 *fill*         0x080113d6        0x2 
 .rodata.__func__.10
                0x080113d8        0xe ./Core/Src/littlefs/lfs.o
 *fill*         0x080113e6        0x2 
 .rodata.__func__.8
                0x080113e8        0xf ./Core/Src/littlefs/lfs.o
 *fill*         0x080113f7        0x1 
 .rodata.__func__.6
                0x080113f8        0xe ./Core/Src/littlefs/lfs.o
 *fill*         0x08011406        0x2 
 .rodata.__func__.5
                0x08011408        0xf ./Core/Src/littlefs/lfs.o
 *fill*         0x08011417        0x1 
 .rodata.rtable.0
                0x08011418       0x40 ./Core/Src/littlefs/lfs_util.o
 .rodata.__assert_func.str1.1
                0x08011458       0x6f C:/ST/STM32CubeIDE_1.19.0/STM32CubeIDE/plugins/com.st.stm32cube.ide.mcu.externaltools.gnu-tools-for-stm32.13.3.rel1.win32_1.0.0.202411081344/tools/bin/../lib/gcc/arm-none-eabi/13.3.1/../../../../arm-none-eabi/lib/thumb/v7e-m+fp/hard\libc_nano.a(libc_a-assert.o)
                                 0x3d (size before relaxing)
 .rodata._vfprintf_r.str1.1
                0x080114c7       0x11 C:/ST/STM32CubeIDE_1.19.0/STM32CubeIDE/plugins/com.st.stm32cube.ide.mcu.externaltools.gnu-tools-for-stm32.13.3.rel1.win32_1.0.0.202411081344/tools/bin/../lib/gcc/arm-none-eabi/13.3.1/../../../../arm-none-eabi/lib/thumb/v7e-m+fp/hard\libc_nano.a(libc_a-nano-vfprintf.o)
 .rodata._printf_i.str1.1
                0x080114c7       0x22 C:/ST/STM32CubeIDE_1.19.0/STM32CubeIDE/plugins/com.st.stm32cube.ide.mcu.externaltools.gnu-tools-for-stm32.13.3.rel1.win32_1.0.0.202411081344/tools/bin/../lib/gcc/arm-none-eabi/13.3.1/../../../../arm-none-eabi/lib/thumb/v7e-m+fp/hard\libc_nano.a(libc_a-nano-vfprintf_i.o)
 *fill*         0x080114c7        0x1 
 .rodata.dp_l   0x080114c8       0x10 C:/ST/STM32CubeIDE_1.19.0/STM32CubeIDE/plugins/com.st.stm32cube.ide.mcu.externaltools.gnu-tools-for-stm32.13.3.rel1.win32_1.0.0.202411081344/tools/bin/../lib/gcc/arm-none-eabi/13.3.1/../../../../arm-none-eabi/lib/thumb/v7e-m+fp/hard\libm.a(libm_a-e_pow.o)
 .rodata.dp_h   0x080114d8       0x10 C:/ST/STM32CubeIDE_1.19.0/STM32CubeIDE/plugins/com.st.stm32cube.ide.mcu.externaltools.gnu-tools-for-stm32.13.3.rel1.win32_1.0.0.202411081344/tools/bin/../lib/gcc/arm-none-eabi/13.3.1/../../../../arm-none-eabi/lib/thumb/v7e-m+fp/hard\libm.a(libm_a-e_pow.o)
 .rodata.bp     0x080114e8       0x10 C:/ST/STM32CubeIDE_1.19.0/STM32CubeIDE/plugins/com.st.stm32cube.ide.mcu.externaltools.gnu-tools-for-stm32.13.3.rel1.win32_1.0.0.202411081344/tools/bin/../lib/gcc/arm-none-eabi/13.3.1/../../../../arm-none-eabi/lib/thumb/v7e-m+fp/hard\libm.a(libm_a-e_pow.o)
 .rodata.tiny   0x080114f8        0x8 C:/ST/STM32CubeIDE_1.19.0/STM32CubeIDE/plugins/com.st.stm32cube.ide.mcu.externaltools.gnu-tools-for-stm32.13.3.rel1.win32_1.0.0.202411081344/tools/bin/../lib/gcc/arm-none-eabi/13.3.1/../../../../arm-none-eabi/lib/thumb/v7e-m+fp/hard\libm.a(libm_a-e_sqrt.o)
 .rodata.one    0x08011500        0x8 C:/ST/STM32CubeIDE_1.19.0/STM32CubeIDE/plugins/com.st.stm32cube.ide.mcu.externaltools.gnu-tools-for-stm32.13.3.rel1.win32_1.0.0.202411081344/tools/bin/../lib/gcc/arm-none-eabi/13.3.1/../../../../arm-none-eabi/lib/thumb/v7e-m+fp/hard\libm.a(libm_a-e_sqrt.o)
                0x08011508                        . = ALIGN (0x4)

.ARM.extab      0x08011508        0x0
                0x08011508                        . = ALIGN (0x4)
 *(.ARM.extab* .gnu.linkonce.armextab.*)
                0x08011508                        . = ALIGN (0x4)

.ARM            0x08011508        0x8
                0x08011508                        . = ALIGN (0x4)
                0x08011508                        __exidx_start = .
 *(.ARM.exidx*)
 .ARM.exidx     0x08011508        0x8 C:/ST/STM32CubeIDE_1.19.0/STM32CubeIDE/plugins/com.st.stm32cube.ide.mcu.externaltools.gnu-tools-for-stm32.13.3.rel1.win32_1.0.0.202411081344/tools/bin/../lib/gcc/arm-none-eabi/13.3.1/../../../../arm-none-eabi/lib/thumb/v7e-m+fp/hard\libc_nano.a(libc_a-memchr.o)
 .ARM.exidx     0x08011510        0x0 C:/ST/STM32CubeIDE_1.19.0/STM32CubeIDE/plugins/com.st.stm32cube.ide.mcu.externaltools.gnu-tools-for-stm32.13.3.rel1.win32_1.0.0.202411081344/tools/bin/../lib/gcc/arm-none-eabi/13.3.1/thumb/v7e-m+fp/hard\libgcc.a(_udivmoddi4.o)
                                  0x8 (size before relaxing)
                0x08011510                        __exidx_end = .
                0x08011510                        . = ALIGN (0x4)

.preinit_array  0x08011510        0x0
                0x08011510                        . = ALIGN (0x4)
                0x08011510                        PROVIDE (__preinit_array_start = .)
 *(.preinit_array*)
                0x08011510                        PROVIDE (__preinit_array_end = .)
                0x08011510                        . = ALIGN (0x4)

.init_array     0x08011510        0x4
                0x08011510                        . = ALIGN (0x4)
                0x08011510                        PROVIDE (__init_array_start = .)
 *(SORT_BY_NAME(.init_array.*))
 *(.init_array*)
 .init_array    0x08011510        0x4 C:/ST/STM32CubeIDE_1.19.0/STM32CubeIDE/plugins/com.st.stm32cube.ide.mcu.externaltools.gnu-tools-for-stm32.13.3.rel1.win32_1.0.0.202411081344/tools/bin/../lib/gcc/arm-none-eabi/13.3.1/thumb/v7e-m+fp/hard/crtbegin.o
                0x08011514                        PROVIDE (__init_array_end = .)
                0x08011514                        . = ALIGN (0x4)

.fini_array     0x08011514        0x4
                0x08011514                        . = ALIGN (0x4)
                [!provide]                        PROVIDE (__fini_array_start = .)
 *(SORT_BY_NAME(.fini_array.*))
 *(.fini_array*)
 .fini_array    0x08011514        0x4 C:/ST/STM32CubeIDE_1.19.0/STM32CubeIDE/plugins/com.st.stm32cube.ide.mcu.externaltools.gnu-tools-for-stm32.13.3.rel1.win32_1.0.0.202411081344/tools/bin/../lib/gcc/arm-none-eabi/13.3.1/thumb/v7e-m+fp/hard/crtbegin.o
                [!provide]                        PROVIDE (__fini_array_end = .)
                0x08011518                        . = ALIGN (0x4)
                0x08011518                        _sidata = LOADADDR (.data)

.rel.dyn        0x08011518        0x0
 .rel.iplt      0x08011518        0x0 C:/ST/STM32CubeIDE_1.19.0/STM32CubeIDE/plugins/com.st.stm32cube.ide.mcu.externaltools.gnu-tools-for-stm32.13.3.rel1.win32_1.0.0.202411081344/tools/bin/../lib/gcc/arm-none-eabi/13.3.1/thumb/v7e-m+fp/hard/crtbegin.o

.data           0x20000000       0xc0 load address 0x08011518
                0x20000000                        . = ALIGN (0x4)
                0x20000000                        _sdata = .
 *(.data)
 *(.data*)
 .data.lfsconfig
                0x20000000       0x54 ./Core/Src/lfs_port.o
                0x20000000                lfsconfig
 .data.imu2_status
                0x20000054        0x1 ./Core/Src/main.o
                0x20000054                imu2_status
 *fill*         0x20000055        0x3 
 .data.SystemCoreClock
                0x20000058        0x4 ./Core/Src/system_stm32f4xx.o
                0x20000058                SystemCoreClock
 .data.uwTickPrio
                0x2000005c        0x4 ./Drivers/STM32F4xx_HAL_Driver/Src/stm32f4xx_hal.o
                0x2000005c                uwTickPrio
 .data.uwTickFreq
                0x20000060        0x1 ./Drivers/STM32F4xx_HAL_Driver/Src/stm32f4xx_hal.o
                0x20000060                uwTickFreq
 *fill*         0x20000061        0x3 
 .data.__sglue  0x20000064        0xc C:/ST/STM32CubeIDE_1.19.0/STM32CubeIDE/plugins/com.st.stm32cube.ide.mcu.externaltools.gnu-tools-for-stm32.13.3.rel1.win32_1.0.0.202411081344/tools/bin/../lib/gcc/arm-none-eabi/13.3.1/../../../../arm-none-eabi/lib/thumb/v7e-m+fp/hard\libc_nano.a(libc_a-findfp.o)
                0x20000064                __sglue
 .data._impure_ptr
                0x20000070        0x4 C:/ST/STM32CubeIDE_1.19.0/STM32CubeIDE/plugins/com.st.stm32cube.ide.mcu.externaltools.gnu-tools-for-stm32.13.3.rel1.win32_1.0.0.202411081344/tools/bin/../lib/gcc/arm-none-eabi/13.3.1/../../../../arm-none-eabi/lib/thumb/v7e-m+fp/hard\libc_nano.a(libc_a-impure.o)
                0x20000070                _impure_ptr
 .data._impure_data
                0x20000074       0x4c C:/ST/STM32CubeIDE_1.19.0/STM32CubeIDE/plugins/com.st.stm32cube.ide.mcu.externaltools.gnu-tools-for-stm32.13.3.rel1.win32_1.0.0.202411081344/tools/bin/../lib/gcc/arm-none-eabi/13.3.1/../../../../arm-none-eabi/lib/thumb/v7e-m+fp/hard\libc_nano.a(libc_a-impure.o)
                0x20000074                _impure_data
 *(.RamFunc)
 *(.RamFunc*)
                0x200000c0                        . = ALIGN (0x4)
                0x200000c0                        _edata = .

.igot.plt       0x200000c0        0x0 load address 0x080115d8
 .igot.plt      0x200000c0        0x0 C:/ST/STM32CubeIDE_1.19.0/STM32CubeIDE/plugins/com.st.stm32cube.ide.mcu.externaltools.gnu-tools-for-stm32.13.3.rel1.win32_1.0.0.202411081344/tools/bin/../lib/gcc/arm-none-eabi/13.3.1/thumb/v7e-m+fp/hard/crtbegin.o
                0x200000c0                        . = ALIGN (0x4)

.bss            0x200000c0      0x83c load address 0x080115d8
                0x200000c0                        _sbss = .
                0x200000c0                        __bss_start__ = _sbss
 *(.bss)
 .bss           0x200000c0       0x1c C:/ST/STM32CubeIDE_1.19.0/STM32CubeIDE/plugins/com.st.stm32cube.ide.mcu.externaltools.gnu-tools-for-stm32.13.3.rel1.win32_1.0.0.202411081344/tools/bin/../lib/gcc/arm-none-eabi/13.3.1/thumb/v7e-m+fp/hard/crtbegin.o
 *(.bss*)
 .bss.lfs       0x200000dc       0x80 ./Core/Src/lfs_port.o
 .bss.hspi1     0x2000015c       0x58 ./Core/Src/main.o
                0x2000015c                hspi1
 .bss.hspi2     0x200001b4       0x58 ./Core/Src/main.o
                0x200001b4                hspi2
 .bss.hspi3     0x2000020c       0x58 ./Core/Src/main.o
                0x2000020c                hspi3
 .bss.hpcd_USB_OTG_FS
                0x20000264      0x4e4 ./Core/Src/main.o
                0x20000264                hpcd_USB_OTG_FS
 .bss.imu2      0x20000748       0x50 ./Core/Src/main.o
                0x20000748                imu2
 .bss.accel_data
                0x20000798        0x6 ./Core/Src/main.o
                0x20000798                accel_data
 *fill*         0x2000079e        0x2 
 .bss.gyro_data
                0x200007a0        0x6 ./Core/Src/main.o
                0x200007a0                gyro_data
 *fill*         0x200007a6        0x2 
 .bss.__sbrk_heap_end
                0x200007a8        0x4 ./Core/Src/sysmem.o
 .bss.uwTick    0x200007ac        0x4 ./Drivers/STM32F4xx_HAL_Driver/Src/stm32f4xx_hal.o
                0x200007ac                uwTick
 .bss.__malloc_sbrk_start
                0x200007b0        0x4 C:/ST/STM32CubeIDE_1.19.0/STM32CubeIDE/plugins/com.st.stm32cube.ide.mcu.externaltools.gnu-tools-for-stm32.13.3.rel1.win32_1.0.0.202411081344/tools/bin/../lib/gcc/arm-none-eabi/13.3.1/../../../../arm-none-eabi/lib/thumb/v7e-m+fp/hard\libc_nano.a(libc_a-mallocr.o)
                0x200007b0                __malloc_sbrk_start
 .bss.__malloc_free_list
                0x200007b4        0x4 C:/ST/STM32CubeIDE_1.19.0/STM32CubeIDE/plugins/com.st.stm32cube.ide.mcu.externaltools.gnu-tools-for-stm32.13.3.rel1.win32_1.0.0.202411081344/tools/bin/../lib/gcc/arm-none-eabi/13.3.1/../../../../arm-none-eabi/lib/thumb/v7e-m+fp/hard\libc_nano.a(libc_a-mallocr.o)
                0x200007b4                __malloc_free_list
 .bss.__sf      0x200007b8      0x138 C:/ST/STM32CubeIDE_1.19.0/STM32CubeIDE/plugins/com.st.stm32cube.ide.mcu.externaltools.gnu-tools-for-stm32.13.3.rel1.win32_1.0.0.202411081344/tools/bin/../lib/gcc/arm-none-eabi/13.3.1/../../../../arm-none-eabi/lib/thumb/v7e-m+fp/hard\libc_nano.a(libc_a-findfp.o)
                0x200007b8                __sf
 .bss.__stdio_exit_handler
                0x200008f0        0x4 C:/ST/STM32CubeIDE_1.19.0/STM32CubeIDE/plugins/com.st.stm32cube.ide.mcu.externaltools.gnu-tools-for-stm32.13.3.rel1.win32_1.0.0.202411081344/tools/bin/../lib/gcc/arm-none-eabi/13.3.1/../../../../arm-none-eabi/lib/thumb/v7e-m+fp/hard\libc_nano.a(libc_a-findfp.o)
                0x200008f0                __stdio_exit_handler
 .bss.errno     0x200008f4        0x4 C:/ST/STM32CubeIDE_1.19.0/STM32CubeIDE/plugins/com.st.stm32cube.ide.mcu.externaltools.gnu-tools-for-stm32.13.3.rel1.win32_1.0.0.202411081344/tools/bin/../lib/gcc/arm-none-eabi/13.3.1/../../../../arm-none-eabi/lib/thumb/v7e-m+fp/hard\libc_nano.a(libc_a-reent.o)
                0x200008f4                errno
 .bss.__lock___malloc_recursive_mutex
                0x200008f8        0x1 C:/ST/STM32CubeIDE_1.19.0/STM32CubeIDE/plugins/com.st.stm32cube.ide.mcu.externaltools.gnu-tools-for-stm32.13.3.rel1.win32_1.0.0.202411081344/tools/bin/../lib/gcc/arm-none-eabi/13.3.1/../../../../arm-none-eabi/lib/thumb/v7e-m+fp/hard\libc_nano.a(libc_a-lock.o)
                0x200008f8                __lock___malloc_recursive_mutex
 .bss.__lock___sfp_recursive_mutex
                0x200008f9        0x1 C:/ST/STM32CubeIDE_1.19.0/STM32CubeIDE/plugins/com.st.stm32cube.ide.mcu.externaltools.gnu-tools-for-stm32.13.3.rel1.win32_1.0.0.202411081344/tools/bin/../lib/gcc/arm-none-eabi/13.3.1/../../../../arm-none-eabi/lib/thumb/v7e-m+fp/hard\libc_nano.a(libc_a-lock.o)
                0x200008f9                __lock___sfp_recursive_mutex
 *(COMMON)
                0x200008fc                        . = ALIGN (0x4)
 *fill*         0x200008fa        0x2 
                0x200008fc                        _ebss = .
                0x200008fc                        __bss_end__ = _ebss

._user_heap_stack
                0x200008fc      0x604 load address 0x080115d8
                0x20000900                        . = ALIGN (0x8)
 *fill*         0x200008fc        0x4 
                [!provide]                        PROVIDE (end = .)
                0x20000900                        PROVIDE (_end = .)
                0x20000b00                        . = (. + _Min_Heap_Size)
 *fill*         0x20000900      0x200 
                0x20000f00                        . = (. + _Min_Stack_Size)
 *fill*         0x20000b00      0x400 
                0x20000f00                        . = ALIGN (0x8)

/DISCARD/
 libc.a(*)
 libm.a(*)
 libgcc.a(*)

.ARM.attributes
                0x00000000       0x30
 *(.ARM.attributes)
 .ARM.attributes
                0x00000000       0x22 C:/ST/STM32CubeIDE_1.19.0/STM32CubeIDE/plugins/com.st.stm32cube.ide.mcu.externaltools.gnu-tools-for-stm32.13.3.rel1.win32_1.0.0.202411081344/tools/bin/../lib/gcc/arm-none-eabi/13.3.1/thumb/v7e-m+fp/hard/crti.o
 .ARM.attributes
                0x00000022       0x34 C:/ST/STM32CubeIDE_1.19.0/STM32CubeIDE/plugins/com.st.stm32cube.ide.mcu.externaltools.gnu-tools-for-stm32.13.3.rel1.win32_1.0.0.202411081344/tools/bin/../lib/gcc/arm-none-eabi/13.3.1/thumb/v7e-m+fp/hard/crtbegin.o
 .ARM.attributes
                0x00000056       0x34 ./Core/Src/bmi088.o
 .ARM.attributes
                0x0000008a       0x34 ./Core/Src/bmi08a.o
 .ARM.attributes
                0x000000be       0x34 ./Core/Src/bmi08g.o
 .ARM.attributes
                0x000000f2       0x34 ./Core/Src/bmi08xa.o
 .ARM.attributes
                0x00000126       0x34 ./Core/Src/lfs_port.o
 .ARM.attributes
                0x0000015a       0x34 ./Core/Src/main.o
 .ARM.attributes
                0x0000018e       0x34 ./Core/Src/stm32f4xx_hal_msp.o
 .ARM.attributes
                0x000001c2       0x34 ./Core/Src/stm32f4xx_it.o
 .ARM.attributes
                0x000001f6       0x34 ./Core/Src/syscalls.o
 .ARM.attributes
                0x0000022a       0x34 ./Core/Src/sysmem.o
 .ARM.attributes
                0x0000025e       0x34 ./Core/Src/system_stm32f4xx.o
 .ARM.attributes
                0x00000292       0x34 ./Core/Src/littlefs/lfs.o
 .ARM.attributes
                0x000002c6       0x34 ./Core/Src/littlefs/lfs_util.o
 .ARM.attributes
                0x000002fa       0x21 ./Core/Startup/startup_stm32f411retx.o
 .ARM.attributes
                0x0000031b       0x34 ./Drivers/STM32F4xx_HAL_Driver/Src/stm32f4xx_hal.o
 .ARM.attributes
                0x0000034f       0x34 ./Drivers/STM32F4xx_HAL_Driver/Src/stm32f4xx_hal_cortex.o
 .ARM.attributes
                0x00000383       0x34 ./Drivers/STM32F4xx_HAL_Driver/Src/stm32f4xx_hal_gpio.o
 .ARM.attributes
                0x000003b7       0x34 ./Drivers/STM32F4xx_HAL_Driver/Src/stm32f4xx_hal_pcd.o
 .ARM.attributes
                0x000003eb       0x34 ./Drivers/STM32F4xx_HAL_Driver/Src/stm32f4xx_hal_rcc.o
 .ARM.attributes
                0x0000041f       0x34 ./Drivers/STM32F4xx_HAL_Driver/Src/stm32f4xx_hal_spi.o
 .ARM.attributes
                0x00000453       0x34 ./Drivers/STM32F4xx_HAL_Driver/Src/stm32f4xx_ll_usb.o
 .ARM.attributes
                0x00000487       0x34 C:/ST/STM32CubeIDE_1.19.0/STM32CubeIDE/plugins/com.st.stm32cube.ide.mcu.externaltools.gnu-tools-for-stm32.13.3.rel1.win32_1.0.0.202411081344/tools/bin/../lib/gcc/arm-none-eabi/13.3.1/../../../../arm-none-eabi/lib/thumb/v7e-m+fp/hard\libc_nano.a(libc_a-assert.o)
 .ARM.attributes
                0x000004bb       0x34 C:/ST/STM32CubeIDE_1.19.0/STM32CubeIDE/plugins/com.st.stm32cube.ide.mcu.externaltools.gnu-tools-for-stm32.13.3.rel1.win32_1.0.0.202411081344/tools/bin/../lib/gcc/arm-none-eabi/13.3.1/../../../../arm-none-eabi/lib/thumb/v7e-m+fp/hard\libc_nano.a(libc_a-malloc.o)
 .ARM.attributes
                0x000004ef       0x34 C:/ST/STM32CubeIDE_1.19.0/STM32CubeIDE/plugins/com.st.stm32cube.ide.mcu.externaltools.gnu-tools-for-stm32.13.3.rel1.win32_1.0.0.202411081344/tools/bin/../lib/gcc/arm-none-eabi/13.3.1/../../../../arm-none-eabi/lib/thumb/v7e-m+fp/hard\libc_nano.a(libc_a-mallocr.o)
 .ARM.attributes
                0x00000523       0x34 C:/ST/STM32CubeIDE_1.19.0/STM32CubeIDE/plugins/com.st.stm32cube.ide.mcu.externaltools.gnu-tools-for-stm32.13.3.rel1.win32_1.0.0.202411081344/tools/bin/../lib/gcc/arm-none-eabi/13.3.1/../../../../arm-none-eabi/lib/thumb/v7e-m+fp/hard\libc_nano.a(libc_a-mlock.o)
 .ARM.attributes
                0x00000557       0x34 C:/ST/STM32CubeIDE_1.19.0/STM32CubeIDE/plugins/com.st.stm32cube.ide.mcu.externaltools.gnu-tools-for-stm32.13.3.rel1.win32_1.0.0.202411081344/tools/bin/../lib/gcc/arm-none-eabi/13.3.1/../../../../arm-none-eabi/lib/thumb/v7e-m+fp/hard\libc_nano.a(libc_a-findfp.o)
 .ARM.attributes
                0x0000058b       0x34 C:/ST/STM32CubeIDE_1.19.0/STM32CubeIDE/plugins/com.st.stm32cube.ide.mcu.externaltools.gnu-tools-for-stm32.13.3.rel1.win32_1.0.0.202411081344/tools/bin/../lib/gcc/arm-none-eabi/13.3.1/../../../../arm-none-eabi/lib/thumb/v7e-m+fp/hard\libc_nano.a(libc_a-fprintf.o)
 .ARM.attributes
                0x000005bf       0x34 C:/ST/STM32CubeIDE_1.19.0/STM32CubeIDE/plugins/com.st.stm32cube.ide.mcu.externaltools.gnu-tools-for-stm32.13.3.rel1.win32_1.0.0.202411081344/tools/bin/../lib/gcc/arm-none-eabi/13.3.1/../../../../arm-none-eabi/lib/thumb/v7e-m+fp/hard\libc_nano.a(libc_a-fwalk.o)
 .ARM.attributes
                0x000005f3       0x34 C:/ST/STM32CubeIDE_1.19.0/STM32CubeIDE/plugins/com.st.stm32cube.ide.mcu.externaltools.gnu-tools-for-stm32.13.3.rel1.win32_1.0.0.202411081344/tools/bin/../lib/gcc/arm-none-eabi/13.3.1/../../../../arm-none-eabi/lib/thumb/v7e-m+fp/hard\libc_nano.a(libc_a-printf.o)
 .ARM.attributes
                0x00000627       0x34 C:/ST/STM32CubeIDE_1.19.0/STM32CubeIDE/plugins/com.st.stm32cube.ide.mcu.externaltools.gnu-tools-for-stm32.13.3.rel1.win32_1.0.0.202411081344/tools/bin/../lib/gcc/arm-none-eabi/13.3.1/../../../../arm-none-eabi/lib/thumb/v7e-m+fp/hard\libc_nano.a(libc_a-stdio.o)
 .ARM.attributes
                0x0000065b       0x34 C:/ST/STM32CubeIDE_1.19.0/STM32CubeIDE/plugins/com.st.stm32cube.ide.mcu.externaltools.gnu-tools-for-stm32.13.3.rel1.win32_1.0.0.202411081344/tools/bin/../lib/gcc/arm-none-eabi/13.3.1/../../../../arm-none-eabi/lib/thumb/v7e-m+fp/hard\libc_nano.a(libc_a-memcmp.o)
 .ARM.attributes
                0x0000068f       0x34 C:/ST/STM32CubeIDE_1.19.0/STM32CubeIDE/plugins/com.st.stm32cube.ide.mcu.externaltools.gnu-tools-for-stm32.13.3.rel1.win32_1.0.0.202411081344/tools/bin/../lib/gcc/arm-none-eabi/13.3.1/../../../../arm-none-eabi/lib/thumb/v7e-m+fp/hard\libc_nano.a(libc_a-memset.o)
 .ARM.attributes
                0x000006c3       0x34 C:/ST/STM32CubeIDE_1.19.0/STM32CubeIDE/plugins/com.st.stm32cube.ide.mcu.externaltools.gnu-tools-for-stm32.13.3.rel1.win32_1.0.0.202411081344/tools/bin/../lib/gcc/arm-none-eabi/13.3.1/../../../../arm-none-eabi/lib/thumb/v7e-m+fp/hard\libc_nano.a(libc_a-strcspn.o)
 .ARM.attributes