../Core/Src/bmi08a.c:340:8:bmi08a_init	32	static
../Core/Src/bmi08a.c:385:8:bmi08a_load_config_file	32	static
../Core/Src/bmi08a.c:481:8:bmi08a_write_feature_config	72	dynamic
../Core/Src/bmi08a.c:519:8:bmi08a_get_set_regs	40	static
../Core/Src/bmi08a.c:571:8:bmi08a_get_error_status	32	static
../Core/Src/bmi08a.c:602:8:bmi08a_get_status	32	static
../Core/Src/bmi08a.c:630:8:bmi08a_soft_reset	32	static
../Core/Src/bmi08a.c:671:8:bmi08a_get_meas_conf	32	static
../Core/Src/bmi08a.c:699:8:bmi08a_set_meas_conf	32	static
../Core/Src/bmi08a.c:765:8:bmi08a_get_power_mode	32	static
../Core/Src/bmi08a.c:791:8:bmi08a_set_power_mode	32	static
../Core/Src/bmi08a.c:852:8:bmi08a_get_data	40	static
../Core/Src/bmi08a.c:896:8:bmi08a_set_int_config	24	static
../Core/Src/bmi08a.c:946:8:bmi08a_get_sensor_temperature	40	static
../Core/Src/bmi08a.c:992:8:bmi08a_get_sensor_time	48	static
../Core/Src/bmi08a.c:1025:8:bmi08a_get_set_fifo_config	40	static
../Core/Src/bmi08a.c:1082:8:bmi08a_read_fifo_data	40	static
../Core/Src/bmi08a.c:1157:8:bmi08a_get_fifo_length	32	static
../Core/Src/bmi08a.c:1189:8:bmi08a_get_set_fifo_wm	40	static
../Core/Src/bmi08a.c:1230:8:bmi08a_extract_accel	32	static
../Core/Src/bmi08a.c:1270:8:bmi08a_get_set_fifo_down_sample	40	static
../Core/Src/bmi08a.c:1306:8:bmi08a_get_set_i2c_wdt	40	static
../Core/Src/bmi08a.c:1347:8:bmi08a_configure_data_synchronization	24	static
../Core/Src/bmi08a.c:1405:8:bmi08a_get_synchronized_data	48	static
../Core/Src/bmi08a.c:1462:8:bmi08a_set_data_sync_int_config	24	static
../Core/Src/bmi08a.c:1495:8:bmi08a_get_data_int_status	32	static
../Core/Src/bmi08a.c:1526:15:dev_null_ptr_check	24	static
../Core/Src/bmi08a.c:1542:15:generic_null_ptr_check	24	static
../Core/Src/bmi08a.c:1558:15:set_get_regs	168	static
../Core/Src/bmi08a.c:1615:15:set_int_pin_config	32	static
../Core/Src/bmi08a.c:1665:15:set_accel_data_ready_int	32	static
../Core/Src/bmi08a.c:1705:15:set_accel_sync_data_ready_int	32	static
../Core/Src/bmi08a.c:1750:15:set_accel_sync_input	24	static
../Core/Src/bmi08a.c:1770:15:stream_transfer_write	40	static
../Core/Src/bmi08a.c:1801:15:unpack_skipped_frame	24	static
../Core/Src/bmi08a.c:1834:13:reset_fifo_frame_structure	16	static
../Core/Src/bmi08a.c:1846:13:unpack_accel_data	32	static
../Core/Src/bmi08a.c:1878:15:unpack_accel_frame	32	static
../Core/Src/bmi08a.c:1931:15:move_next_frame	32	static
../Core/Src/bmi08a.c:1958:15:unpack_sensortime_frame	32	static
../Core/Src/bmi08a.c:1999:15:extract_acc_header_mode	40	static
../Core/Src/bmi08a.c:2093:15:set_fifo_full_wm_int	40	static
../Core/Src/bmi08a.c:2159:13:config_map_int_pin	32	static
../Core/Src/bmi08a.c:2184:13:int_pin_channel_config	24	static
